<html>
<body>
<pre>
<h1>µVision Build Log</h1>
<h2>Tool Versions:</h2>
IDE-Version: ¦ÌVision V5.38.0.0
Copyright (C) 2022 ARM Ltd and ARM Germany GmbH. All rights reserved.
License Information: 1 Windows, HP Inc., LIC=ZB4EI-TNGC0-01VP1-CEYPW-2ZWPD-59WKC
 
Tool Versions:
Toolchain:       MDK-ARM Plus  Version: 5.38.0.0
Toolchain Path:  F:\keil_v5\ARM\ARMCC\Bin
C Compiler:      Armcc.exe V5.06 update 7 (build 960)
Assembler:       Armasm.exe V5.06 update 7 (build 960)
Linker/Locator:  ArmLink.exe V5.06 update 7 (build 960)
Library Manager: ArmAr.exe V5.06 update 7 (build 960)
Hex Converter:   FromElf.exe V5.06 update 7 (build 960)
CPU DLL:         SARMCM3.DLL V5.38.0.0
Dialog DLL:      DARMSTM.DLL V1.69.1.0
Target DLL:      STLink\ST-LINKIII-KEIL_SWO.dll V3.1.0.0
Dialog DLL:      TARMSTM.DLL V1.67.1.0
 
<h2>Project:</h2>
E:\Desktop\LVGL_Button_Control_Led\Lvgl_led\USER\MALLOC.uvprojx
Project File Date:  06/13/2024

<h2>Output:</h2>
*** Using Compiler 'V5.06 update 7 (build 960)', folder: 'F:\keil_v5\ARM\ARMCC\Bin'
Build target 'LVGL'
Note: source file '..\Middlewares\LVGL\GUI\lvgl\src\extra\themes\basic\lv_theme_basic.c' - object file renamed from '..\OBJ\lv_theme_basic.o' to '..\OBJ\lv_theme_basic_1.o'.
Note: source file '..\Middlewares\LVGL\GUI\lvgl\src\draw\sdl\lv_draw_sdl.c' - object file renamed from '..\OBJ\lv_draw_sdl.o' to '..\OBJ\lv_draw_sdl_1.o'.
Note: source file '..\Middlewares\LVGL\GUI\lvgl\src\draw\sdl\lv_draw_sdl_arc.c' - object file renamed from '..\OBJ\lv_draw_sdl_arc.o' to '..\OBJ\lv_draw_sdl_arc_1.o'.
Note: source file '..\Middlewares\LVGL\GUI\lvgl\src\draw\sdl\lv_draw_sdl_bg.c' - object file renamed from '..\OBJ\lv_draw_sdl_bg.o' to '..\OBJ\lv_draw_sdl_bg_1.o'.
Note: source file '..\Middlewares\LVGL\GUI\lvgl\src\draw\sdl\lv_draw_sdl_composite.c' - object file renamed from '..\OBJ\lv_draw_sdl_composite.o' to '..\OBJ\lv_draw_sdl_composite_1.o'.
Note: source file '..\Middlewares\LVGL\GUI\lvgl\src\draw\sdl\lv_draw_sdl_img.c' - object file renamed from '..\OBJ\lv_draw_sdl_img.o' to '..\OBJ\lv_draw_sdl_img_1.o'.
Note: source file '..\Middlewares\LVGL\GUI\lvgl\src\draw\sdl\lv_draw_sdl_label.c' - object file renamed from '..\OBJ\lv_draw_sdl_label.o' to '..\OBJ\lv_draw_sdl_label_1.o'.
Note: source file '..\Middlewares\LVGL\GUI\lvgl\src\draw\sdl\lv_draw_sdl_layer.c' - object file renamed from '..\OBJ\lv_draw_sdl_layer.o' to '..\OBJ\lv_draw_sdl_layer_1.o'.
Note: source file '..\Middlewares\LVGL\GUI\lvgl\src\draw\sdl\lv_draw_sdl_line.c' - object file renamed from '..\OBJ\lv_draw_sdl_line.o' to '..\OBJ\lv_draw_sdl_line_1.o'.
Note: source file '..\Middlewares\LVGL\GUI\lvgl\src\draw\sdl\lv_draw_sdl_mask.c' - object file renamed from '..\OBJ\lv_draw_sdl_mask.o' to '..\OBJ\lv_draw_sdl_mask_1.o'.
Note: source file '..\Middlewares\LVGL\GUI\lvgl\src\draw\sdl\lv_draw_sdl_polygon.c' - object file renamed from '..\OBJ\lv_draw_sdl_polygon.o' to '..\OBJ\lv_draw_sdl_polygon_1.o'.
Note: source file '..\Middlewares\LVGL\GUI\lvgl\src\draw\sdl\lv_draw_sdl_rect.c' - object file renamed from '..\OBJ\lv_draw_sdl_rect.o' to '..\OBJ\lv_draw_sdl_rect_1.o'.
Note: source file '..\Middlewares\LVGL\GUI\lvgl\src\draw\sdl\lv_draw_sdl_stack_blur.c' - object file renamed from '..\OBJ\lv_draw_sdl_stack_blur.o' to '..\OBJ\lv_draw_sdl_stack_blur_1.o'.
Note: source file '..\Middlewares\LVGL\GUI\lvgl\src\draw\sdl\lv_draw_sdl_texture_cache.c' - object file renamed from '..\OBJ\lv_draw_sdl_texture_cache.o' to '..\OBJ\lv_draw_sdl_texture_cache_1.o'.
Note: source file '..\Middlewares\LVGL\GUI\lvgl\src\draw\sdl\lv_draw_sdl_utils.c' - object file renamed from '..\OBJ\lv_draw_sdl_utils.o' to '..\OBJ\lv_draw_sdl_utils_1.o'.
compiling main.c...
linking...
Program Size: Code=231950 RO-data=37330 RW-data=972 ZI-data=60368  
FromELF: creating hex file...
"..\OBJ\LVGL.axf" - 0 Error(s), 0 Warning(s).

<h2>Software Packages used:</h2>

Package Vendor: Keil
                https://www.keil.com/pack/Keil.STM32F1xx_DFP.2.4.1.pack
                Keil.STM32F1xx_DFP.2.4.1
                STMicroelectronics STM32F1 Series Device Support, Drivers and Examples

<h2>Collection of Component include folders:</h2>
  F:/keil_v5/Keil/STM32F1xx_DFP/2.4.1/Device/Include

<h2>Collection of Component Files used:</h2>
Build Time Elapsed:  00:00:03
</pre>
</body>
</html>
