Component: ARM Compiler 5.06 update 7 (build 960) Tool: armlink [4d3601]

==============================================================================

Section Cross References

    main.o(i.main) refers to timer.o(i.TIM3_Init) for TIM3_Init
    main.o(i.main) refers to lv_obj.o(i.lv_init) for lv_init
    main.o(i.main) refers to lv_port_disp_template.o(i.lv_port_disp_init) for lv_port_disp_init
    main.o(i.main) refers to lv_port_indev_template.o(i.lv_port_indev_init) for lv_port_indev_init
    main.o(i.main) refers to lv_hal_disp.o(i.lv_disp_get_default) for lv_disp_get_default
    main.o(i.main) refers to lv_disp.o(i.lv_disp_get_scr_act) for lv_disp_get_scr_act
    main.o(i.main) refers to lv_label.o(i.lv_label_create) for lv_label_create
    main.o(i.main) refers to lv_label.o(i.lv_label_set_text) for lv_label_set_text
    main.o(i.main) refers to lv_obj_pos.o(i.lv_obj_align) for lv_obj_align
    main.o(i.main) refers to lv_timer.o(i.lv_timer_handler) for lv_timer_handler
    main.o(i.main) refers to delay.o(i.delay_ms) for delay_ms
    stm32f1xx_it.o(i.SysTick_Handler) refers to stm32f1xx_hal.o(i.HAL_IncTick) for HAL_IncTick
    system_stm32f1xx.o(i.SystemCoreClockUpdate) refers to system_stm32f1xx.o(.data) for SystemCoreClock
    system_stm32f1xx.o(i.SystemCoreClockUpdate) refers to system_stm32f1xx.o(.constdata) for AHBPrescTable
    startup_stm32f103xe.o(STACK) refers (Special) to heapauxi.o(.text) for __use_two_region_memory
    startup_stm32f103xe.o(HEAP) refers (Special) to heapauxi.o(.text) for __use_two_region_memory
    startup_stm32f103xe.o(RESET) refers (Special) to heapauxi.o(.text) for __use_two_region_memory
    startup_stm32f103xe.o(RESET) refers to startup_stm32f103xe.o(STACK) for __initial_sp
    startup_stm32f103xe.o(RESET) refers to startup_stm32f103xe.o(.text) for Reset_Handler
    startup_stm32f103xe.o(RESET) refers to stm32f1xx_it.o(i.NMI_Handler) for NMI_Handler
    startup_stm32f103xe.o(RESET) refers to stm32f1xx_it.o(i.HardFault_Handler) for HardFault_Handler
    startup_stm32f103xe.o(RESET) refers to stm32f1xx_it.o(i.MemManage_Handler) for MemManage_Handler
    startup_stm32f103xe.o(RESET) refers to stm32f1xx_it.o(i.BusFault_Handler) for BusFault_Handler
    startup_stm32f103xe.o(RESET) refers to stm32f1xx_it.o(i.UsageFault_Handler) for UsageFault_Handler
    startup_stm32f103xe.o(RESET) refers to stm32f1xx_it.o(i.SVC_Handler) for SVC_Handler
    startup_stm32f103xe.o(RESET) refers to stm32f1xx_it.o(i.DebugMon_Handler) for DebugMon_Handler
    startup_stm32f103xe.o(RESET) refers to stm32f1xx_it.o(i.PendSV_Handler) for PendSV_Handler
    startup_stm32f103xe.o(RESET) refers to stm32f1xx_it.o(i.SysTick_Handler) for SysTick_Handler
    startup_stm32f103xe.o(RESET) refers to timer.o(i.TIM3_IRQHandler) for TIM3_IRQHandler
    startup_stm32f103xe.o(RESET) refers to usmart.o(i.TIM4_IRQHandler) for TIM4_IRQHandler
    startup_stm32f103xe.o(RESET) refers to usart.o(i.USART1_IRQHandler) for USART1_IRQHandler
    startup_stm32f103xe.o(.text) refers (Special) to heapauxi.o(.text) for __use_two_region_memory
    startup_stm32f103xe.o(.text) refers to system_stm32f1xx.o(i.SystemInit) for SystemInit
    startup_stm32f103xe.o(.text) refers to __main.o(!!!main) for __main
    startup_stm32f103xe.o(.text) refers to startup_stm32f103xe.o(HEAP) for Heap_Mem
    startup_stm32f103xe.o(.text) refers to startup_stm32f103xe.o(STACK) for Stack_Mem
    stm32f1xx_hal.o(i.HAL_DeInit) refers to stm32f1xx_hal_msp.o(i.HAL_MspDeInit) for HAL_MspDeInit
    stm32f1xx_hal.o(i.HAL_Delay) refers to stm32f1xx_hal.o(i.HAL_GetTick) for HAL_GetTick
    stm32f1xx_hal.o(i.HAL_Delay) refers to stm32f1xx_hal.o(.data) for uwTickFreq
    stm32f1xx_hal.o(i.HAL_GetTick) refers to stm32f1xx_hal.o(.data) for uwTick
    stm32f1xx_hal.o(i.HAL_GetTickFreq) refers to stm32f1xx_hal.o(.data) for uwTickFreq
    stm32f1xx_hal.o(i.HAL_GetTickPrio) refers to stm32f1xx_hal.o(.data) for uwTickPrio
    stm32f1xx_hal.o(i.HAL_IncTick) refers to stm32f1xx_hal.o(.data) for uwTick
    stm32f1xx_hal.o(i.HAL_Init) refers to stm32f1xx_hal_cortex.o(i.HAL_NVIC_SetPriorityGrouping) for HAL_NVIC_SetPriorityGrouping
    stm32f1xx_hal.o(i.HAL_Init) refers to stm32f1xx_hal.o(i.HAL_InitTick) for HAL_InitTick
    stm32f1xx_hal.o(i.HAL_Init) refers to stm32f1xx_hal_msp.o(i.HAL_MspInit) for HAL_MspInit
    stm32f1xx_hal.o(i.HAL_InitTick) refers to stm32f1xx_hal_cortex.o(i.HAL_SYSTICK_Config) for HAL_SYSTICK_Config
    stm32f1xx_hal.o(i.HAL_InitTick) refers to stm32f1xx_hal_cortex.o(i.HAL_NVIC_SetPriority) for HAL_NVIC_SetPriority
    stm32f1xx_hal.o(i.HAL_InitTick) refers to stm32f1xx_hal.o(.data) for uwTickFreq
    stm32f1xx_hal.o(i.HAL_InitTick) refers to system_stm32f1xx.o(.data) for SystemCoreClock
    stm32f1xx_hal.o(i.HAL_SetTickFreq) refers to stm32f1xx_hal.o(i.HAL_InitTick) for HAL_InitTick
    stm32f1xx_hal.o(i.HAL_SetTickFreq) refers to stm32f1xx_hal.o(.data) for uwTickFreq
[...]
    libinit.o(.ARM.Collect$$libinit$$00000000) refers (Special) to libinit2.o(.ARM.Collect$$libinit$$0000000C) for __rt_lib_init_user_alloc_1
    rtexit.o(.ARM.Collect$$rtexit$$00000000) refers (Special) to rtexit2.o(.ARM.Collect$$rtexit$$00000004) for __rt_exit_exit
    rtexit.o(.ARM.Collect$$rtexit$$00000000) refers (Special) to rtexit2.o(.ARM.Collect$$rtexit$$00000003) for __rt_exit_ls
    rtexit.o(.ARM.Collect$$rtexit$$00000000) refers (Special) to rtexit2.o(.ARM.Collect$$rtexit$$00000002) for __rt_exit_prels_1
    rtexit.o(.ARM.exidx) refers (Special) to rtexit2.o(.ARM.Collect$$rtexit$$00000004) for __rt_exit_exit
    rtexit.o(.ARM.exidx) refers (Special) to rtexit2.o(.ARM.Collect$$rtexit$$00000003) for __rt_exit_ls
    rtexit.o(.ARM.exidx) refers (Special) to rtexit2.o(.ARM.Collect$$rtexit$$00000002) for __rt_exit_prels_1
    rtexit.o(.ARM.exidx) refers to rtexit.o(.ARM.Collect$$rtexit$$00000000) for .ARM.Collect$$rtexit$$00000000
    rt_raise.o(.text) refers to __raise.o(.text) for __raise
    rt_raise.o(.text) refers to usart.o(i._sys_exit) for _sys_exit
    defsig_exit.o(.text) refers to usart.o(i._sys_exit) for _sys_exit
    defsig_fpe_inner.o(.text) refers to defsig_general.o(.text) for __default_signal_display
    libinit2.o(.ARM.Collect$$libinit$$00000010) refers to libinit2.o(.ARM.Collect$$libinit$$0000000F) for .ARM.Collect$$libinit$$0000000F
    libinit2.o(.ARM.Collect$$libinit$$00000012) refers to libinit2.o(.ARM.Collect$$libinit$$0000000F) for .ARM.Collect$$libinit$$0000000F
    libinit2.o(.ARM.Collect$$libinit$$00000014) refers to libinit2.o(.ARM.Collect$$libinit$$0000000F) for .ARM.Collect$$libinit$$0000000F
    libinit2.o(.ARM.Collect$$libinit$$00000016) refers to libinit2.o(.ARM.Collect$$libinit$$0000000F) for .ARM.Collect$$libinit$$0000000F
    libinit2.o(.ARM.Collect$$libinit$$00000018) refers to libinit2.o(.ARM.Collect$$libinit$$0000000F) for .ARM.Collect$$libinit$$0000000F
    libinit2.o(.ARM.Collect$$libinit$$00000026) refers to argv_veneer.o(.emb_text) for __ARM_argv_veneer
    libinit2.o(.ARM.Collect$$libinit$$00000027) refers to argv_veneer.o(.emb_text) for __ARM_argv_veneer
    rtexit2.o(.ARM.Collect$$rtexit$$00000003) refers to libshutdown.o(.ARM.Collect$$libshutdown$$00000000) for __rt_lib_shutdown
    rtexit2.o(.ARM.Collect$$rtexit$$00000004) refers to usart.o(i._sys_exit) for _sys_exit
    rtexit2.o(.ARM.exidx) refers to rtexit2.o(.ARM.Collect$$rtexit$$00000001) for .ARM.Collect$$rtexit$$00000001
    rtexit2.o(.ARM.exidx) refers to rtexit2.o(.ARM.Collect$$rtexit$$00000003) for .ARM.Collect$$rtexit$$00000003
    rtexit2.o(.ARM.exidx) refers to rtexit2.o(.ARM.Collect$$rtexit$$00000004) for .ARM.Collect$$rtexit$$00000004
    __raise.o(.text) refers to defsig.o(CL$$defsig) for __default_signal_handler
    defsig_general.o(.text) refers to sys_wrch.o(.text) for _ttywrch
    argv_veneer.o(.emb_text) refers to no_argv.o(.text) for __ARM_get_argv
    sys_wrch.o(.text) refers (Special) to use_no_semi.o(.text) for __I$use$semihosting
    sys_wrch.o(.text) refers (Special) to indicate_semi.o(.text) for __semihosting_library_function
    defsig.o(CL$$defsig) refers to defsig_fpe_inner.o(.text) for __rt_SIGFPE_inner
    defsig.o(CL$$defsig) refers to defsig_rtmem_inner.o(.text) for __rt_SIGRTMEM_inner
    _get_argv_nomalloc.o(.text) refers (Special) to hrguard.o(.text) for __heap_region$guard
    _get_argv_nomalloc.o(.text) refers to defsig_rtmem_outer.o(.text) for __rt_SIGRTMEM
    _get_argv_nomalloc.o(.text) refers to sys_command.o(.text) for _sys_command_string
    libshutdown.o(.ARM.Collect$$libshutdown$$00000000) refers (Special) to libshutdown2.o(.ARM.Collect$$libshutdown$$00000004) for __rt_lib_shutdown_cpp_1
    libshutdown.o(.ARM.Collect$$libshutdown$$00000000) refers (Special) to libshutdown2.o(.ARM.Collect$$libshutdown$$00000002) for __rt_lib_shutdown_fini_1
    libshutdown.o(.ARM.Collect$$libshutdown$$00000000) refers (Special) to libshutdown2.o(.ARM.Collect$$libshutdown$$00000009) for __rt_lib_shutdown_fp_trap_1
    libshutdown.o(.ARM.Collect$$libshutdown$$00000000) refers (Special) to libshutdown2.o(.ARM.Collect$$libshutdown$$00000011) for __rt_lib_shutdown_heap_1
    libshutdown.o(.ARM.Collect$$libshutdown$$00000000) refers (Special) to libshutdown2.o(.ARM.Collect$$libshutdown$$00000012) for __rt_lib_shutdown_return
    libshutdown.o(.ARM.Collect$$libshutdown$$00000000) refers (Special) to libshutdown2.o(.ARM.Collect$$libshutdown$$0000000C) for __rt_lib_shutdown_signal_1
    libshutdown.o(.ARM.Collect$$libshutdown$$00000000) refers (Special) to libshutdown2.o(.ARM.Collect$$libshutdown$$00000006) for __rt_lib_shutdown_stdio_1
    libshutdown.o(.ARM.Collect$$libshutdown$$00000000) refers (Special) to libshutdown2.o(.ARM.Collect$$libshutdown$$0000000E) for __rt_lib_shutdown_user_alloc_1
    sys_command.o(.text) refers (Special) to use_no_semi.o(.text) for __I$use$semihosting
    sys_command.o(.text) refers (Special) to indicate_semi.o(.text) for __semihosting_library_function
    defsig_abrt_inner.o(.text) refers to defsig_general.o(.text) for __default_signal_display
    defsig_rtred_inner.o(.text) refers to defsig_general.o(.text) for __default_signal_display
    defsig_rtmem_inner.o(.text) refers to defsig_general.o(.text) for __default_signal_display
    defsig_rtmem_outer.o(.text) refers to defsig_rtmem_inner.o(.text) for __rt_SIGRTMEM_inner
    defsig_rtmem_outer.o(.text) refers to defsig_exit.o(.text) for __sig_exit
    defsig_rtmem_formal.o(.text) refers to rt_raise.o(.text) for __rt_raise
    defsig_stak_inner.o(.text) refers to defsig_general.o(.text) for __default_signal_display
    defsig_pvfn_inner.o(.text) refers to defsig_general.o(.text) for __default_signal_display
    defsig_cppl_inner.o(.text) refers to defsig_general.o(.text) for __default_signal_display
    defsig_segv_inner.o(.text) refers to defsig_general.o(.text) for __default_signal_display
    defsig_other.o(.text) refers to defsig_general.o(.text) for __default_signal_display


==============================================================================

Removing Unused input sections from the image.

    Removing main.o(.rev16_text), (4 bytes).
    Removing main.o(.revsh_text), (4 bytes).
    Removing main.o(.rrx_text), (6 bytes).
    Removing stm32f1xx_hal_msp.o(.rev16_text), (4 bytes).
    Removing stm32f1xx_hal_msp.o(.revsh_text), (4 bytes).
    Removing stm32f1xx_hal_msp.o(.rrx_text), (6 bytes).
    Removing stm32f1xx_hal_msp.o(i.HAL_MspDeInit), (2 bytes).
    Removing stm32f1xx_hal_msp.o(i.HAL_MspInit), (2 bytes).
    Removing stm32f1xx_it.o(.rev16_text), (4 bytes).
    Removing stm32f1xx_it.o(.revsh_text), (4 bytes).
    Removing stm32f1xx_it.o(.rrx_text), (6 bytes).
    Removing system_stm32f1xx.o(.rev16_text), (4 bytes).
    Removing system_stm32f1xx.o(.revsh_text), (4 bytes).
    Removing system_stm32f1xx.o(.rrx_text), (6 bytes).
    Removing system_stm32f1xx.o(i.SystemCoreClockUpdate), (164 bytes).
    Removing system_stm32f1xx.o(.constdata), (24 bytes).
    Removing system_stm32f1xx.o(.data), (4 bytes).
    Removing stm32f1xx_hal.o(.rev16_text), (4 bytes).
    Removing stm32f1xx_hal.o(.revsh_text), (4 bytes).
    Removing stm32f1xx_hal.o(.rrx_text), (6 bytes).
    Removing stm32f1xx_hal.o(i.HAL_DBGMCU_DisableDBGSleepMode), (20 bytes).
    Removing stm32f1xx_hal.o(i.HAL_DBGMCU_DisableDBGStandbyMode), (20 bytes).
    Removing stm32f1xx_hal.o(i.HAL_DBGMCU_DisableDBGStopMode), (20 bytes).
    Removing stm32f1xx_hal.o(i.HAL_DBGMCU_EnableDBGSleepMode), (20 bytes).
    Removing stm32f1xx_hal.o(i.HAL_DBGMCU_EnableDBGStandbyMode), (20 bytes).
    Removing stm32f1xx_hal.o(i.HAL_DBGMCU_EnableDBGStopMode), (20 bytes).
    Removing stm32f1xx_hal.o(i.HAL_DeInit), (36 bytes).
    Removing stm32f1xx_hal.o(i.HAL_Delay), (40 bytes).
    Removing stm32f1xx_hal.o(i.HAL_GetDEVID), (16 bytes).
    Removing stm32f1xx_hal.o(i.HAL_GetHalVersion), (8 bytes).
    Removing stm32f1xx_hal.o(i.HAL_GetREVID), (12 bytes).
    Removing stm32f1xx_hal.o(i.HAL_GetTick), (12 bytes).
    Removing stm32f1xx_hal.o(i.HAL_GetTickFreq), (12 bytes).
    Removing stm32f1xx_hal.o(i.HAL_GetTickPrio), (12 bytes).
    Removing stm32f1xx_hal.o(i.HAL_GetUIDw0), (12 bytes).
    Removing stm32f1xx_hal.o(i.HAL_GetUIDw1), (12 bytes).
    Removing stm32f1xx_hal.o(i.HAL_GetUIDw2), (12 bytes).
    Removing stm32f1xx_hal.o(i.HAL_Init), (40 bytes).
    Removing stm32f1xx_hal.o(i.HAL_InitTick), (76 bytes).
    Removing stm32f1xx_hal.o(i.HAL_MspDeInit), (2 bytes).
    Removing stm32f1xx_hal.o(i.HAL_MspInit), (2 bytes).
    Removing stm32f1xx_hal.o(i.HAL_ResumeTick), (18 bytes).
    Removing stm32f1xx_hal.o(i.HAL_SetTickFreq), (44 bytes).
    Removing stm32f1xx_hal.o(i.HAL_SuspendTick), (18 bytes).
    Removing stm32f1xx_hal_cortex.o(.rev16_text), (4 bytes).
    Removing stm32f1xx_hal_cortex.o(.revsh_text), (4 bytes).
    Removing stm32f1xx_hal_cortex.o(.rrx_text), (6 bytes).
    Removing stm32f1xx_hal_cortex.o(i.HAL_NVIC_ClearPendingIRQ), (36 bytes).
    Removing stm32f1xx_hal_cortex.o(i.HAL_NVIC_DisableIRQ), (68 bytes).
    Removing stm32f1xx_hal_cortex.o(i.HAL_NVIC_GetActive), (48 bytes).
    Removing stm32f1xx_hal_cortex.o(i.HAL_NVIC_GetPendingIRQ), (48 bytes).
    Removing stm32f1xx_hal_cortex.o(i.HAL_NVIC_GetPriority), (148 bytes).
    Removing stm32f1xx_hal_cortex.o(i.HAL_NVIC_GetPriorityGrouping), (8 bytes).
    Removing stm32f1xx_hal_cortex.o(i.HAL_NVIC_SetPendingIRQ), (36 bytes).
    Removing stm32f1xx_hal_cortex.o(i.HAL_NVIC_SetPriorityGrouping), (40 bytes).
    Removing stm32f1xx_hal_cortex.o(i.HAL_NVIC_SystemReset), (68 bytes).
    Removing stm32f1xx_hal_cortex.o(i.HAL_SYSTICK_CLKSourceConfig), (40 bytes).
    Removing stm32f1xx_hal_cortex.o(i.HAL_SYSTICK_Callback), (2 bytes).
    Removing stm32f1xx_hal_cortex.o(i.HAL_SYSTICK_Config), (52 bytes).
    Removing stm32f1xx_hal_cortex.o(i.HAL_SYSTICK_IRQHandler), (8 bytes).
    Removing stm32f1xx_hal_dma.o(.rev16_text), (4 bytes).
    Removing stm32f1xx_hal_dma.o(.revsh_text), (4 bytes).
    Removing stm32f1xx_hal_dma.o(.rrx_text), (6 bytes).
    Removing stm32f1xx_hal_dma.o(i.DMA_SetConfig), (44 bytes).
    Removing stm32f1xx_hal_dma.o(i.HAL_DMA_Abort), (86 bytes).
    Removing stm32f1xx_hal_dma.o(i.HAL_DMA_DeInit), (140 bytes).
    Removing stm32f1xx_hal_dma.o(i.HAL_DMA_GetError), (6 bytes).
    Removing stm32f1xx_hal_dma.o(i.HAL_DMA_GetState), (8 bytes).
    Removing stm32f1xx_hal_dma.o(i.HAL_DMA_IRQHandler), (920 bytes).
    Removing stm32f1xx_hal_dma.o(i.HAL_DMA_Init), (140 bytes).
    Removing stm32f1xx_hal_dma.o(i.HAL_DMA_PollForTransfer), (1620 bytes).
    Removing stm32f1xx_hal_dma.o(i.HAL_DMA_RegisterCallback), (90 bytes).
    Removing stm32f1xx_hal_dma.o(i.HAL_DMA_Start), (114 bytes).
    Removing stm32f1xx_hal_dma.o(i.HAL_DMA_Start_IT), (156 bytes).
    Removing stm32f1xx_hal_dma.o(i.HAL_DMA_UnRegisterCallback), (106 bytes).
    Removing stm32f1xx_hal_gpio.o(.rev16_text), (4 bytes).
    Removing stm32f1xx_hal_gpio.o(.revsh_text), (4 bytes).
    Removing stm32f1xx_hal_gpio.o(.rrx_text), (6 bytes).
    Removing stm32f1xx_hal_gpio.o(i.HAL_GPIO_DeInit), (340 bytes).
    Removing stm32f1xx_hal_gpio.o(i.HAL_GPIO_EXTI_Callback), (2 bytes).
    Removing stm32f1xx_hal_gpio.o(i.HAL_GPIO_EXTI_IRQHandler), (28 bytes).
    Removing stm32f1xx_hal_gpio.o(i.HAL_GPIO_LockPin), (46 bytes).
    Removing stm32f1xx_hal_gpio.o(i.HAL_GPIO_TogglePin), (14 bytes).
    Removing stm32f1xx_hal_gpio.o(i.HAL_GPIO_WritePin), (12 bytes).
    Removing stm32f1xx_hal_gpio_ex.o(.rev16_text), (4 bytes).
    Removing stm32f1xx_hal_gpio_ex.o(.revsh_text), (4 bytes).
    Removing stm32f1xx_hal_gpio_ex.o(.rrx_text), (6 bytes).
    Removing stm32f1xx_hal_gpio_ex.o(i.HAL_GPIOEx_ConfigEventout), (24 bytes).
    Removing stm32f1xx_hal_gpio_ex.o(i.HAL_GPIOEx_DisableEventout), (20 bytes).
    Removing stm32f1xx_hal_gpio_ex.o(i.HAL_GPIOEx_EnableEventout), (20 bytes).
    Removing stm32f1xx_hal_pwr.o(.rev16_text), (4 bytes).
    Removing stm32f1xx_hal_pwr.o(.revsh_text), (4 bytes).
    Removing stm32f1xx_hal_pwr.o(.rrx_text), (6 bytes).
    Removing stm32f1xx_hal_pwr.o(i.HAL_PWR_ConfigPVD), (180 bytes).
    Removing stm32f1xx_hal_pwr.o(i.HAL_PWR_DeInit), (28 bytes).
    Removing stm32f1xx_hal_pwr.o(i.HAL_PWR_DisableBkUpAccess), (12 bytes).
    Removing stm32f1xx_hal_pwr.o(i.HAL_PWR_DisablePVD), (12 bytes).
    Removing stm32f1xx_hal_pwr.o(i.HAL_PWR_DisableSEVOnPend), (20 bytes).
    Removing stm32f1xx_hal_pwr.o(i.HAL_PWR_DisableSleepOnExit), (20 bytes).
    Removing stm32f1xx_hal_pwr.o(i.HAL_PWR_DisableWakeUpPin), (28 bytes).
    Removing stm32f1xx_hal_pwr.o(i.HAL_PWR_EnableBkUpAccess), (12 bytes).
    Removing stm32f1xx_hal_pwr.o(i.HAL_PWR_EnablePVD), (12 bytes).
    Removing stm32f1xx_hal_pwr.o(i.HAL_PWR_EnableSEVOnPend), (20 bytes).
    Removing stm32f1xx_hal_pwr.o(i.HAL_PWR_EnableSleepOnExit), (20 bytes).
    Removing stm32f1xx_hal_pwr.o(i.HAL_PWR_EnableWakeUpPin), (28 bytes).
    Removing stm32f1xx_hal_pwr.o(i.HAL_PWR_EnterSLEEPMode), (32 bytes).
    Removing stm32f1xx_hal_pwr.o(i.HAL_PWR_EnterSTANDBYMode), (40 bytes).
    Removing stm32f1xx_hal_pwr.o(i.HAL_PWR_EnterSTOPMode), (84 bytes).
    Removing stm32f1xx_hal_pwr.o(i.HAL_PWR_PVDCallback), (2 bytes).
    Removing stm32f1xx_hal_pwr.o(i.HAL_PWR_PVD_IRQHandler), (32 bytes).
    Removing stm32f1xx_hal_pwr.o(i.PWR_OverloadWfe), (6 bytes).
    Removing stm32f1xx_hal_rcc.o(.rev16_text), (4 bytes).
    Removing stm32f1xx_hal_rcc.o(.revsh_text), (4 bytes).
    Removing stm32f1xx_hal_rcc.o(.rrx_text), (6 bytes).
    Removing stm32f1xx_hal_rcc.o(i.HAL_RCC_CSSCallback), (2 bytes).
    Removing stm32f1xx_hal_rcc.o(i.HAL_RCC_ClockConfig), (396 bytes).
    Removing stm32f1xx_hal_rcc.o(i.HAL_RCC_DeInit), (272 bytes).
    Removing stm32f1xx_hal_rcc.o(i.HAL_RCC_DisableCSS), (12 bytes).
    Removing stm32f1xx_hal_rcc.o(i.HAL_RCC_EnableCSS), (12 bytes).
    Removing stm32f1xx_hal_rcc.o(i.HAL_RCC_GetClockConfig), (68 bytes).
    Removing stm32f1xx_hal_rcc.o(i.HAL_RCC_GetHCLKFreq), (12 bytes).
    Removing stm32f1xx_hal_rcc.o(i.HAL_RCC_GetOscConfig), (200 bytes).
    Removing stm32f1xx_hal_rcc.o(i.HAL_RCC_GetPCLK1Freq), (32 bytes).
    Removing stm32f1xx_hal_rcc.o(i.HAL_RCC_GetPCLK2Freq), (32 bytes).
    Removing stm32f1xx_hal_rcc.o(i.HAL_RCC_GetSysClockFreq), (148 bytes).
    Removing stm32f1xx_hal_rcc.o(i.HAL_RCC_MCOConfig), (100 bytes).
    Removing stm32f1xx_hal_rcc.o(i.HAL_RCC_NMI_IRQHandler), (32 bytes).
    Removing stm32f1xx_hal_rcc.o(i.HAL_RCC_OscConfig), (1124 bytes).
    Removing stm32f1xx_hal_rcc.o(i.RCC_Delay), (40 bytes).
    Removing stm32f1xx_hal_rcc_ex.o(.rev16_text), (4 bytes).
    Removing stm32f1xx_hal_rcc_ex.o(.revsh_text), (4 bytes).
    Removing stm32f1xx_hal_rcc_ex.o(.rrx_text), (6 bytes).
    Removing stm32f1xx_hal_rcc_ex.o(i.HAL_RCCEx_GetPeriphCLKConfig), (84 bytes).
    Removing stm32f1xx_hal_rcc_ex.o(i.HAL_RCCEx_GetPeriphCLKFreq), (308 bytes).
    Removing stm32f1xx_hal_rcc_ex.o(i.HAL_RCCEx_PeriphCLKConfig), (300 bytes).
    Removing stm32f1xx_hal_uart.o(.rev16_text), (4 bytes).
    Removing stm32f1xx_hal_uart.o(.revsh_text), (4 bytes).
    Removing stm32f1xx_hal_uart.o(.rrx_text), (6 bytes).
    Removing stm32f1xx_hal_uart.o(i.HAL_HalfDuplex_EnableReceiver), (68 bytes).
    Removing stm32f1xx_hal_uart.o(i.HAL_HalfDuplex_EnableTransmitter), (68 bytes).
    Removing stm32f1xx_hal_uart.o(i.HAL_HalfDuplex_Init), (118 bytes).
    Removing stm32f1xx_hal_uart.o(i.HAL_LIN_Init), (142 bytes).
    Removing stm32f1xx_hal_uart.o(i.HAL_LIN_SendBreak), (62 bytes).
    Removing stm32f1xx_hal_uart.o(i.HAL_MultiProcessor_EnterMuteMode), (62 bytes).
    Removing stm32f1xx_hal_uart.o(i.HAL_MultiProcessor_ExitMuteMode), (62 bytes).
    Removing stm32f1xx_hal_uart.o(i.HAL_MultiProcessor_Init), (154 bytes).
    Removing stm32f1xx_hal_uart.o(i.HAL_UART_Abort), (166 bytes).
    Removing stm32f1xx_hal_uart.o(i.HAL_UART_AbortCpltCallback), (2 bytes).
    Removing stm32f1xx_hal_uart.o(i.HAL_UART_AbortReceive), (100 bytes).
    Removing stm32f1xx_hal_uart.o(i.HAL_UART_AbortReceiveCpltCallback), (2 bytes).
    Removing stm32f1xx_hal_uart.o(i.HAL_UART_AbortReceive_IT), (120 bytes).
    Removing stm32f1xx_hal_uart.o(i.HAL_UART_AbortTransmit), (88 bytes).
    Removing stm32f1xx_hal_uart.o(i.HAL_UART_AbortTransmitCpltCallback), (2 bytes).
    Removing stm32f1xx_hal_uart.o(i.HAL_UART_AbortTransmit_IT), (108 bytes).
    Removing stm32f1xx_hal_uart.o(i.HAL_UART_Abort_IT), (216 bytes).
    Removing stm32f1xx_hal_uart.o(i.HAL_UART_DMAPause), (124 bytes).
    Removing stm32f1xx_hal_uart.o(i.HAL_UART_DMAResume), (126 bytes).
    Removing stm32f1xx_hal_uart.o(i.HAL_UART_DMAStop), (102 bytes).
    Removing stm32f1xx_hal_uart.o(i.HAL_UART_DeInit), (58 bytes).
    Removing stm32f1xx_hal_uart.o(i.HAL_UART_GetError), (6 bytes).
    Removing stm32f1xx_hal_uart.o(i.HAL_UART_Init), (114 bytes).
    Removing stm32f1xx_hal_uart.o(i.HAL_UART_MspDeInit), (2 bytes).
    Removing stm32f1xx_hal_uart.o(i.HAL_UART_MspInit), (2 bytes).
    Removing stm32f1xx_hal_uart.o(i.HAL_UART_Receive), (222 bytes).
    Removing stm32f1xx_hal_uart.o(i.HAL_UART_Receive_DMA), (196 bytes).
    Removing stm32f1xx_hal_uart.o(i.HAL_UART_RxCpltCallback), (2 bytes).
    Removing stm32f1xx_hal_uart.o(i.HAL_UART_RxHalfCpltCallback), (2 bytes).
    Removing stm32f1xx_hal_uart.o(i.HAL_UART_Transmit), (214 bytes).
    Removing stm32f1xx_hal_uart.o(i.HAL_UART_Transmit_DMA), (156 bytes).
    Removing stm32f1xx_hal_uart.o(i.HAL_UART_Transmit_IT), (88 bytes).
    Removing stm32f1xx_hal_uart.o(i.HAL_UART_TxHalfCpltCallback), (2 bytes).
    Removing stm32f1xx_hal_uart.o(i.UART_DMAError), (80 bytes).
    Removing stm32f1xx_hal_uart.o(i.UART_DMAReceiveCplt), (70 bytes).
    Removing stm32f1xx_hal_uart.o(i.UART_DMARxAbortCallback), (52 bytes).
    Removing stm32f1xx_hal_uart.o(i.UART_DMARxHalfCplt), (14 bytes).
    Removing stm32f1xx_hal_uart.o(i.UART_DMARxOnlyAbortCallback), (24 bytes).
    Removing stm32f1xx_hal_uart.o(i.UART_DMATransmitCplt), (54 bytes).
    Removing stm32f1xx_hal_uart.o(i.UART_DMATxAbortCallback), (52 bytes).
    Removing stm32f1xx_hal_uart.o(i.UART_DMATxHalfCplt), (14 bytes).
    Removing stm32f1xx_hal_uart.o(i.UART_DMATxOnlyAbortCallback), (24 bytes).
    Removing stm32f1xx_hal_uart.o(i.UART_EndTxTransfer), (20 bytes).
    Removing stm32f1xx_hal_uart.o(i.UART_SetConfig), (416 bytes).
    Removing stm32f1xx_hal_uart.o(i.UART_WaitOnFlagUntilTimeout), (108 bytes).
    Removing stm32f1xx_hal_usart.o(.rev16_text), (4 bytes).
    Removing stm32f1xx_hal_usart.o(.revsh_text), (4 bytes).
    Removing stm32f1xx_hal_usart.o(.rrx_text), (6 bytes).
    Removing stm32f1xx_hal_usart.o(i.HAL_USART_Abort), (122 bytes).
    Removing stm32f1xx_hal_usart.o(i.HAL_USART_AbortCpltCallback), (2 bytes).
    Removing stm32f1xx_hal_usart.o(i.HAL_USART_Abort_IT), (212 bytes).
    Removing stm32f1xx_hal_usart.o(i.HAL_USART_DMAPause), (50 bytes).
    Removing stm32f1xx_hal_usart.o(i.HAL_USART_DMAResume), (50 bytes).
    Removing stm32f1xx_hal_usart.o(i.HAL_USART_DMAStop), (102 bytes).
    Removing stm32f1xx_hal_usart.o(i.HAL_USART_DeInit), (54 bytes).
    Removing stm32f1xx_hal_usart.o(i.HAL_USART_ErrorCallback), (2 bytes).
    Removing stm32f1xx_hal_usart.o(i.HAL_USART_GetError), (6 bytes).
    Removing stm32f1xx_hal_usart.o(i.HAL_USART_GetState), (8 bytes).
    Removing stm32f1xx_hal_usart.o(i.HAL_USART_IRQHandler), (384 bytes).
    Removing stm32f1xx_hal_usart.o(i.HAL_USART_Init), (90 bytes).
    Removing stm32f1xx_hal_usart.o(i.HAL_USART_MspDeInit), (2 bytes).
    Removing stm32f1xx_hal_usart.o(i.HAL_USART_MspInit), (2 bytes).
    Removing stm32f1xx_hal_usart.o(i.HAL_USART_Receive), (278 bytes).
    Removing stm32f1xx_hal_usart.o(i.HAL_USART_Receive_DMA), (248 bytes).
    Removing stm32f1xx_hal_usart.o(i.HAL_USART_Receive_IT), (108 bytes).
    Removing stm32f1xx_hal_usart.o(i.HAL_USART_RxCpltCallback), (2 bytes).
    Removing stm32f1xx_hal_usart.o(i.HAL_USART_RxHalfCpltCallback), (2 bytes).
    Removing stm32f1xx_hal_usart.o(i.HAL_USART_Transmit), (214 bytes).
    Removing stm32f1xx_hal_usart.o(i.HAL_USART_TransmitReceive), (320 bytes).
    Removing stm32f1xx_hal_usart.o(i.HAL_USART_TransmitReceive_DMA), (268 bytes).
    Removing stm32f1xx_hal_usart.o(i.HAL_USART_TransmitReceive_IT), (132 bytes).
    Removing stm32f1xx_hal_usart.o(i.HAL_USART_Transmit_DMA), (156 bytes).
    Removing stm32f1xx_hal_usart.o(i.HAL_USART_Transmit_IT), (88 bytes).
    Removing stm32f1xx_hal_usart.o(i.HAL_USART_TxCpltCallback), (2 bytes).
    Removing stm32f1xx_hal_usart.o(i.HAL_USART_TxHalfCpltCallback), (2 bytes).
    Removing stm32f1xx_hal_usart.o(i.HAL_USART_TxRxCpltCallback), (2 bytes).
    Removing stm32f1xx_hal_usart.o(i.USART_DMAAbortOnError), (20 bytes).
    Removing stm32f1xx_hal_usart.o(i.USART_DMAError), (84 bytes).
    Removing stm32f1xx_hal_usart.o(i.USART_DMAReceiveCplt), (122 bytes).
    Removing stm32f1xx_hal_usart.o(i.USART_DMARxAbortCallback), (48 bytes).
    Removing stm32f1xx_hal_usart.o(i.USART_DMARxHalfCplt), (14 bytes).
    Removing stm32f1xx_hal_usart.o(i.USART_DMATransmitCplt), (70 bytes).
    Removing stm32f1xx_hal_usart.o(i.USART_DMATxAbortCallback), (48 bytes).
    Removing stm32f1xx_hal_usart.o(i.USART_DMATxHalfCplt), (14 bytes).
    Removing stm32f1xx_hal_usart.o(i.USART_EndRxTransfer), (32 bytes).
    Removing stm32f1xx_hal_usart.o(i.USART_EndTransmit_IT), (44 bytes).
    Removing stm32f1xx_hal_usart.o(i.USART_EndTxTransfer), (20 bytes).
    Removing stm32f1xx_hal_usart.o(i.USART_Receive_IT), (194 bytes).
    Removing stm32f1xx_hal_usart.o(i.USART_SetConfig), (444 bytes).
    Removing stm32f1xx_hal_usart.o(i.USART_TransmitReceive_IT), (270 bytes).
    Removing stm32f1xx_hal_usart.o(i.USART_Transmit_IT), (104 bytes).
    Removing stm32f1xx_hal_usart.o(i.USART_WaitOnFlagUntilTimeout), (128 bytes).
    Removing stm32f1xx_hal_sram.o(.rev16_text), (4 bytes).
    Removing stm32f1xx_hal_sram.o(.revsh_text), (4 bytes).
    Removing stm32f1xx_hal_sram.o(.rrx_text), (6 bytes).
    Removing stm32f1xx_hal_sram.o(i.HAL_SRAM_DMA_XferCpltCallback), (2 bytes).
    Removing stm32f1xx_hal_sram.o(i.HAL_SRAM_DMA_XferErrorCallback), (2 bytes).
    Removing stm32f1xx_hal_sram.o(i.HAL_SRAM_DeInit), (34 bytes).
    Removing stm32f1xx_hal_sram.o(i.HAL_SRAM_GetState), (8 bytes).
    Removing stm32f1xx_hal_sram.o(i.HAL_SRAM_Init), (94 bytes).
    Removing stm32f1xx_hal_sram.o(i.HAL_SRAM_MspDeInit), (2 bytes).
    Removing stm32f1xx_hal_sram.o(i.HAL_SRAM_MspInit), (2 bytes).
    Removing stm32f1xx_hal_sram.o(i.HAL_SRAM_Read_16b), (116 bytes).
    Removing stm32f1xx_hal_sram.o(i.HAL_SRAM_Read_32b), (96 bytes).
    Removing stm32f1xx_hal_sram.o(i.HAL_SRAM_Read_8b), (96 bytes).
    Removing stm32f1xx_hal_sram.o(i.HAL_SRAM_Read_DMA), (124 bytes).
    Removing stm32f1xx_hal_sram.o(i.HAL_SRAM_WriteOperation_Disable), (72 bytes).
    Removing stm32f1xx_hal_sram.o(i.HAL_SRAM_WriteOperation_Enable), (72 bytes).
    Removing stm32f1xx_hal_sram.o(i.HAL_SRAM_Write_16b), (128 bytes).
    Removing stm32f1xx_hal_sram.o(i.HAL_SRAM_Write_32b), (88 bytes).
    Removing stm32f1xx_hal_sram.o(i.HAL_SRAM_Write_8b), (88 bytes).
    Removing stm32f1xx_hal_sram.o(i.HAL_SRAM_Write_DMA), (104 bytes).
    Removing stm32f1xx_hal_sram.o(i.SRAM_DMACplt), (32 bytes).
    Removing stm32f1xx_hal_sram.o(i.SRAM_DMACpltProt), (32 bytes).
    Removing stm32f1xx_hal_sram.o(i.SRAM_DMAError), (32 bytes).
    Removing stm32f1xx_ll_fsmc.o(.rev16_text), (4 bytes).
    Removing stm32f1xx_ll_fsmc.o(.revsh_text), (4 bytes).
    Removing stm32f1xx_ll_fsmc.o(.rrx_text), (6 bytes).
    Removing stm32f1xx_ll_fsmc.o(i.FSMC_NAND_AttributeSpace_Timing_Init), (62 bytes).
    Removing stm32f1xx_ll_fsmc.o(i.FSMC_NAND_CommonSpace_Timing_Init), (62 bytes).
    Removing stm32f1xx_ll_fsmc.o(i.FSMC_NAND_DeInit), (66 bytes).
    Removing stm32f1xx_ll_fsmc.o(i.FSMC_NAND_ECC_Disable), (28 bytes).
    Removing stm32f1xx_ll_fsmc.o(i.FSMC_NAND_ECC_Enable), (28 bytes).
    Removing stm32f1xx_ll_fsmc.o(i.FSMC_NAND_GetECC), (84 bytes).
    Removing stm32f1xx_ll_fsmc.o(i.FSMC_NAND_Init), (100 bytes).
    Removing stm32f1xx_ll_fsmc.o(i.FSMC_NORSRAM_DeInit), (56 bytes).
    Removing stm32f1xx_ll_fsmc.o(i.FSMC_NORSRAM_Extended_Timing_Init), (68 bytes).
    Removing stm32f1xx_ll_fsmc.o(i.FSMC_NORSRAM_Init), (112 bytes).
    Removing stm32f1xx_ll_fsmc.o(i.FSMC_NORSRAM_Timing_Init), (66 bytes).
    Removing stm32f1xx_ll_fsmc.o(i.FSMC_NORSRAM_WriteOperation_Disable), (18 bytes).
    Removing stm32f1xx_ll_fsmc.o(i.FSMC_NORSRAM_WriteOperation_Enable), (18 bytes).
    Removing stm32f1xx_ll_fsmc.o(i.FSMC_PCCARD_AttributeSpace_Timing_Init), (30 bytes).
    Removing stm32f1xx_ll_fsmc.o(i.FSMC_PCCARD_CommonSpace_Timing_Init), (30 bytes).
    Removing stm32f1xx_ll_fsmc.o(i.FSMC_PCCARD_DeInit), (32 bytes).
    Removing stm32f1xx_ll_fsmc.o(i.FSMC_PCCARD_IOSpace_Timing_Init), (30 bytes).
    Removing stm32f1xx_ll_fsmc.o(i.FSMC_PCCARD_Init), (40 bytes).
    Removing stm32f1xx_hal_tim.o(.rev16_text), (4 bytes).
    Removing stm32f1xx_hal_tim.o(.revsh_text), (4 bytes).
    Removing stm32f1xx_hal_tim.o(.rrx_text), (6 bytes).
    Removing stm32f1xx_hal_tim.o(i.HAL_TIM_Base_DeInit), (70 bytes).
    Removing stm32f1xx_hal_tim.o(i.HAL_TIM_Base_GetState), (8 bytes).
    Removing stm32f1xx_hal_tim.o(i.HAL_TIM_Base_MspDeInit), (2 bytes).
    Removing stm32f1xx_hal_tim.o(i.HAL_TIM_Base_MspInit), (2 bytes).
    Removing stm32f1xx_hal_tim.o(i.HAL_TIM_Base_Start), (42 bytes).
    Removing stm32f1xx_hal_tim.o(i.HAL_TIM_Base_Start_DMA), (136 bytes).
    Removing stm32f1xx_hal_tim.o(i.HAL_TIM_Base_Stop), (56 bytes).
    Removing stm32f1xx_hal_tim.o(i.HAL_TIM_Base_Stop_DMA), (70 bytes).
    Removing stm32f1xx_hal_tim.o(i.HAL_TIM_Base_Stop_IT), (56 bytes).
    Removing stm32f1xx_hal_tim.o(i.HAL_TIM_ConfigClockSource), (264 bytes).
    Removing stm32f1xx_hal_tim.o(i.HAL_TIM_ConfigOCrefClear), (270 bytes).
    Removing stm32f1xx_hal_tim.o(i.HAL_TIM_ConfigTI1Input), (22 bytes).
    Removing stm32f1xx_hal_tim.o(i.HAL_TIM_DMABurst_ReadStart), (488 bytes).
    Removing stm32f1xx_hal_tim.o(i.HAL_TIM_DMABurst_ReadStop), (146 bytes).
    Removing stm32f1xx_hal_tim.o(i.HAL_TIM_DMABurst_WriteStart), (488 bytes).
    Removing stm32f1xx_hal_tim.o(i.HAL_TIM_DMABurst_WriteStop), (146 bytes).
    Removing stm32f1xx_hal_tim.o(i.HAL_TIM_Encoder_DeInit), (70 bytes).
    Removing stm32f1xx_hal_tim.o(i.HAL_TIM_Encoder_GetState), (8 bytes).
    Removing stm32f1xx_hal_tim.o(i.HAL_TIM_Encoder_Init), (170 bytes).
    Removing stm32f1xx_hal_tim.o(i.HAL_TIM_Encoder_MspDeInit), (2 bytes).
    Removing stm32f1xx_hal_tim.o(i.HAL_TIM_Encoder_MspInit), (2 bytes).
    Removing stm32f1xx_hal_tim.o(i.HAL_TIM_Encoder_Start), (78 bytes).
    Removing stm32f1xx_hal_tim.o(i.HAL_TIM_Encoder_Start_DMA), (380 bytes).
    Removing stm32f1xx_hal_tim.o(i.HAL_TIM_Encoder_Start_IT), (126 bytes).
    Removing stm32f1xx_hal_tim.o(i.HAL_TIM_Encoder_Stop), (104 bytes).
    Removing stm32f1xx_hal_tim.o(i.HAL_TIM_Encoder_Stop_DMA), (176 bytes).
    Removing stm32f1xx_hal_tim.o(i.HAL_TIM_Encoder_Stop_IT), (152 bytes).
    Removing stm32f1xx_hal_tim.o(i.HAL_TIM_ErrorCallback), (2 bytes).
    Removing stm32f1xx_hal_tim.o(i.HAL_TIM_GenerateEvent), (54 bytes).
    Removing stm32f1xx_hal_tim.o(i.HAL_TIM_IC_CaptureHalfCpltCallback), (2 bytes).
    Removing stm32f1xx_hal_tim.o(i.HAL_TIM_IC_ConfigChannel), (224 bytes).
    Removing stm32f1xx_hal_tim.o(i.HAL_TIM_IC_DeInit), (70 bytes).
    Removing stm32f1xx_hal_tim.o(i.HAL_TIM_IC_GetState), (8 bytes).
    Removing stm32f1xx_hal_tim.o(i.HAL_TIM_IC_Init), (52 bytes).
    Removing stm32f1xx_hal_tim.o(i.HAL_TIM_IC_MspDeInit), (2 bytes).
    Removing stm32f1xx_hal_tim.o(i.HAL_TIM_IC_MspInit), (2 bytes).
    Removing stm32f1xx_hal_tim.o(i.HAL_TIM_IC_Start), (44 bytes).
    Removing stm32f1xx_hal_tim.o(i.HAL_TIM_IC_Start_DMA), (332 bytes).
    Removing stm32f1xx_hal_tim.o(i.HAL_TIM_IC_Start_IT), (120 bytes).
    Removing stm32f1xx_hal_tim.o(i.HAL_TIM_IC_Stop), (58 bytes).
    Removing stm32f1xx_hal_tim.o(i.HAL_TIM_IC_Stop_DMA), (164 bytes).
    Removing stm32f1xx_hal_tim.o(i.HAL_TIM_IC_Stop_IT), (134 bytes).
    Removing stm32f1xx_hal_tim.o(i.HAL_TIM_OC_ConfigChannel), (116 bytes).
    Removing stm32f1xx_hal_tim.o(i.HAL_TIM_OC_DeInit), (70 bytes).
    Removing stm32f1xx_hal_tim.o(i.HAL_TIM_OC_GetState), (8 bytes).
    Removing stm32f1xx_hal_tim.o(i.HAL_TIM_OC_Init), (52 bytes).
    Removing stm32f1xx_hal_tim.o(i.HAL_TIM_OC_MspDeInit), (2 bytes).
    Removing stm32f1xx_hal_tim.o(i.HAL_TIM_OC_MspInit), (2 bytes).
    Removing stm32f1xx_hal_tim.o(i.HAL_TIM_OC_Start), (88 bytes).
    Removing stm32f1xx_hal_tim.o(i.HAL_TIM_OC_Start_DMA), (376 bytes).
    Removing stm32f1xx_hal_tim.o(i.HAL_TIM_OC_Start_IT), (164 bytes).
    Removing stm32f1xx_hal_tim.o(i.HAL_TIM_OC_Stop), (128 bytes).
    Removing stm32f1xx_hal_tim.o(i.HAL_TIM_OC_Stop_DMA), (236 bytes).
    Removing stm32f1xx_hal_tim.o(i.HAL_TIM_OC_Stop_IT), (204 bytes).
    Removing stm32f1xx_hal_tim.o(i.HAL_TIM_OnePulse_ConfigChannel), (286 bytes).
    Removing stm32f1xx_hal_tim.o(i.HAL_TIM_OnePulse_DeInit), (70 bytes).
    Removing stm32f1xx_hal_tim.o(i.HAL_TIM_OnePulse_GetState), (8 bytes).
    Removing stm32f1xx_hal_tim.o(i.HAL_TIM_OnePulse_Init), (76 bytes).
    Removing stm32f1xx_hal_tim.o(i.HAL_TIM_OnePulse_MspDeInit), (2 bytes).
    Removing stm32f1xx_hal_tim.o(i.HAL_TIM_OnePulse_MspInit), (2 bytes).
    Removing stm32f1xx_hal_tim.o(i.HAL_TIM_OnePulse_Start), (76 bytes).
    Removing stm32f1xx_hal_tim.o(i.HAL_TIM_OnePulse_Start_IT), (100 bytes).
    Removing stm32f1xx_hal_tim.o(i.HAL_TIM_OnePulse_Stop), (140 bytes).
    Removing stm32f1xx_hal_tim.o(i.HAL_TIM_OnePulse_Stop_IT), (164 bytes).
    Removing stm32f1xx_hal_tim.o(i.HAL_TIM_PWM_ConfigChannel), (264 bytes).
    Removing stm32f1xx_hal_tim.o(i.HAL_TIM_PWM_DeInit), (70 bytes).
    Removing stm32f1xx_hal_tim.o(i.HAL_TIM_PWM_GetState), (8 bytes).
    Removing stm32f1xx_hal_tim.o(i.HAL_TIM_PWM_Init), (52 bytes).
    Removing stm32f1xx_hal_tim.o(i.HAL_TIM_PWM_MspDeInit), (2 bytes).
    Removing stm32f1xx_hal_tim.o(i.HAL_TIM_PWM_MspInit), (2 bytes).
    Removing stm32f1xx_hal_tim.o(i.HAL_TIM_PWM_PulseFinishedHalfCpltCallback), (2 bytes).
    Removing stm32f1xx_hal_tim.o(i.HAL_TIM_PWM_Start), (88 bytes).
    Removing stm32f1xx_hal_tim.o(i.HAL_TIM_PWM_Start_DMA), (376 bytes).
    Removing stm32f1xx_hal_tim.o(i.HAL_TIM_PWM_Start_IT), (164 bytes).
    Removing stm32f1xx_hal_tim.o(i.HAL_TIM_PWM_Stop), (136 bytes).
    Removing stm32f1xx_hal_tim.o(i.HAL_TIM_PWM_Stop_DMA), (236 bytes).
    Removing stm32f1xx_hal_tim.o(i.HAL_TIM_PWM_Stop_IT), (204 bytes).
    Removing stm32f1xx_hal_tim.o(i.HAL_TIM_PeriodElapsedCallback), (2 bytes).
    Removing stm32f1xx_hal_tim.o(i.HAL_TIM_PeriodElapsedHalfCpltCallback), (2 bytes).
    Removing stm32f1xx_hal_tim.o(i.HAL_TIM_ReadCapturedValue), (50 bytes).
    Removing stm32f1xx_hal_tim.o(i.HAL_TIM_SlaveConfigSynchro), (108 bytes).
    Removing stm32f1xx_hal_tim.o(i.HAL_TIM_SlaveConfigSynchro_IT), (108 bytes).
    Removing stm32f1xx_hal_tim.o(i.HAL_TIM_TriggerHalfCpltCallback), (2 bytes).
    Removing stm32f1xx_hal_tim.o(i.TIM_CCxChannelCmd), (34 bytes).
    Removing stm32f1xx_hal_tim.o(i.TIM_DMACaptureCplt), (70 bytes).
    Removing stm32f1xx_hal_tim.o(i.TIM_DMACaptureHalfCplt), (70 bytes).
    Removing stm32f1xx_hal_tim.o(i.TIM_DMADelayPulseCplt), (70 bytes).
    Removing stm32f1xx_hal_tim.o(i.TIM_DMADelayPulseHalfCplt), (70 bytes).
    Removing stm32f1xx_hal_tim.o(i.TIM_DMAError), (20 bytes).
    Removing stm32f1xx_hal_tim.o(i.TIM_DMAPeriodElapsedCplt), (20 bytes).
    Removing stm32f1xx_hal_tim.o(i.TIM_DMAPeriodElapsedHalfCplt), (20 bytes).
    Removing stm32f1xx_hal_tim.o(i.TIM_DMATriggerCplt), (20 bytes).
    Removing stm32f1xx_hal_tim.o(i.TIM_DMATriggerHalfCplt), (20 bytes).
    Removing stm32f1xx_hal_tim.o(i.TIM_ETR_SetConfig), (22 bytes).
    Removing stm32f1xx_hal_tim.o(i.TIM_ITRx_SetConfig), (18 bytes).
    Removing stm32f1xx_hal_tim.o(i.TIM_OC1_SetConfig), (112 bytes).
    Removing stm32f1xx_hal_tim.o(i.TIM_OC2_SetConfig), (124 bytes).
    Removing stm32f1xx_hal_tim.o(i.TIM_OC3_SetConfig), (120 bytes).
    Removing stm32f1xx_hal_tim.o(i.TIM_OC4_SetConfig), (84 bytes).
    Removing stm32f1xx_hal_tim.o(i.TIM_SlaveTimer_SetConfig), (170 bytes).
    Removing stm32f1xx_hal_tim.o(i.TIM_TI1_ConfigInputStage), (38 bytes).
    Removing stm32f1xx_hal_tim.o(i.TIM_TI1_SetConfig), (124 bytes).
    Removing stm32f1xx_hal_tim.o(i.TIM_TI2_ConfigInputStage), (40 bytes).
    Removing stm32f1xx_hal_tim.o(i.TIM_TI2_SetConfig), (58 bytes).
    Removing stm32f1xx_hal_tim.o(i.TIM_TI3_SetConfig), (56 bytes).
    Removing stm32f1xx_hal_tim.o(i.TIM_TI4_SetConfig), (60 bytes).
    Removing stm32f1xx_hal_tim_ex.o(.rev16_text), (4 bytes).
    Removing stm32f1xx_hal_tim_ex.o(.revsh_text), (4 bytes).
    Removing stm32f1xx_hal_tim_ex.o(.rrx_text), (6 bytes).
    Removing stm32f1xx_hal_tim_ex.o(i.HAL_TIMEx_CommutHalfCpltCallback), (2 bytes).
    Removing stm32f1xx_hal_tim_ex.o(i.HAL_TIMEx_ConfigBreakDeadTime), (116 bytes).
    Removing stm32f1xx_hal_tim_ex.o(i.HAL_TIMEx_ConfigCommutEvent), (134 bytes).
    Removing stm32f1xx_hal_tim_ex.o(i.HAL_TIMEx_ConfigCommutEvent_DMA), (164 bytes).
    Removing stm32f1xx_hal_tim_ex.o(i.HAL_TIMEx_ConfigCommutEvent_IT), (134 bytes).
    Removing stm32f1xx_hal_tim_ex.o(i.HAL_TIMEx_HallSensor_DeInit), (70 bytes).
    Removing stm32f1xx_hal_tim_ex.o(i.HAL_TIMEx_HallSensor_GetState), (8 bytes).
    Removing stm32f1xx_hal_tim_ex.o(i.HAL_TIMEx_HallSensor_Init), (208 bytes).
    Removing stm32f1xx_hal_tim_ex.o(i.HAL_TIMEx_HallSensor_MspDeInit), (2 bytes).
    Removing stm32f1xx_hal_tim_ex.o(i.HAL_TIMEx_HallSensor_MspInit), (2 bytes).
    Removing stm32f1xx_hal_tim_ex.o(i.HAL_TIMEx_HallSensor_Start), (42 bytes).
    Removing stm32f1xx_hal_tim_ex.o(i.HAL_TIMEx_HallSensor_Start_DMA), (144 bytes).
    Removing stm32f1xx_hal_tim_ex.o(i.HAL_TIMEx_HallSensor_Start_IT), (54 bytes).
    Removing stm32f1xx_hal_tim_ex.o(i.HAL_TIMEx_HallSensor_Stop), (56 bytes).
    Removing stm32f1xx_hal_tim_ex.o(i.HAL_TIMEx_HallSensor_Stop_DMA), (74 bytes).
    Removing stm32f1xx_hal_tim_ex.o(i.HAL_TIMEx_HallSensor_Stop_IT), (68 bytes).
    Removing stm32f1xx_hal_tim_ex.o(i.HAL_TIMEx_MasterConfigSynchronization), (84 bytes).
    Removing stm32f1xx_hal_tim_ex.o(i.HAL_TIMEx_OCN_Start), (56 bytes).
    Removing stm32f1xx_hal_tim_ex.o(i.HAL_TIMEx_OCN_Start_DMA), (288 bytes).
    Removing stm32f1xx_hal_tim_ex.o(i.HAL_TIMEx_OCN_Start_IT), (126 bytes).
    Removing stm32f1xx_hal_tim_ex.o(i.HAL_TIMEx_OCN_Stop), (96 bytes).
    Removing stm32f1xx_hal_tim_ex.o(i.HAL_TIMEx_OCN_Stop_DMA), (178 bytes).
    Removing stm32f1xx_hal_tim_ex.o(i.HAL_TIMEx_OCN_Stop_IT), (178 bytes).
    Removing stm32f1xx_hal_tim_ex.o(i.HAL_TIMEx_OnePulseN_Start), (32 bytes).
    Removing stm32f1xx_hal_tim_ex.o(i.HAL_TIMEx_OnePulseN_Start_IT), (56 bytes).
    Removing stm32f1xx_hal_tim_ex.o(i.HAL_TIMEx_OnePulseN_Stop), (96 bytes).
    Removing stm32f1xx_hal_tim_ex.o(i.HAL_TIMEx_OnePulseN_Stop_IT), (120 bytes).
    Removing stm32f1xx_hal_tim_ex.o(i.HAL_TIMEx_PWMN_Start), (56 bytes).
    Removing stm32f1xx_hal_tim_ex.o(i.HAL_TIMEx_PWMN_Start_DMA), (288 bytes).
    Removing stm32f1xx_hal_tim_ex.o(i.HAL_TIMEx_PWMN_Start_IT), (126 bytes).
    Removing stm32f1xx_hal_tim_ex.o(i.HAL_TIMEx_PWMN_Stop), (96 bytes).
    Removing stm32f1xx_hal_tim_ex.o(i.HAL_TIMEx_PWMN_Stop_DMA), (178 bytes).
    Removing stm32f1xx_hal_tim_ex.o(i.HAL_TIMEx_PWMN_Stop_IT), (178 bytes).
    Removing stm32f1xx_hal_tim_ex.o(i.HAL_TIMEx_RemapConfig), (6 bytes).
    Removing stm32f1xx_hal_tim_ex.o(i.TIMEx_DMACommutationCplt), (20 bytes).
    Removing stm32f1xx_hal_tim_ex.o(i.TIMEx_DMACommutationHalfCplt), (20 bytes).
    Removing stm32f1xx_hal_tim_ex.o(i.TIM_CCxNChannelCmd), (34 bytes).
    Removing stm32f1xx_hal_spi.o(.rev16_text), (4 bytes).
    Removing stm32f1xx_hal_spi.o(.revsh_text), (4 bytes).
    Removing stm32f1xx_hal_spi.o(.rrx_text), (6 bytes).
    Removing stm32f1xx_hal_spi.o(i.HAL_SPI_Abort), (348 bytes).
    Removing stm32f1xx_hal_spi.o(i.HAL_SPI_AbortCpltCallback), (2 bytes).
    Removing stm32f1xx_hal_spi.o(i.HAL_SPI_Abort_IT), (360 bytes).
    Removing stm32f1xx_hal_spi.o(i.HAL_SPI_DMAPause), (50 bytes).
    Removing stm32f1xx_hal_spi.o(i.HAL_SPI_DMAResume), (50 bytes).
    Removing stm32f1xx_hal_spi.o(i.HAL_SPI_DMAStop), (72 bytes).
    Removing stm32f1xx_hal_spi.o(i.HAL_SPI_DeInit), (54 bytes).
    Removing stm32f1xx_hal_spi.o(i.HAL_SPI_ErrorCallback), (2 bytes).
    Removing stm32f1xx_hal_spi.o(i.HAL_SPI_GetError), (6 bytes).
    Removing stm32f1xx_hal_spi.o(i.HAL_SPI_GetState), (8 bytes).
    Removing stm32f1xx_hal_spi.o(i.HAL_SPI_IRQHandler), (308 bytes).
    Removing stm32f1xx_hal_spi.o(i.HAL_SPI_Init), (156 bytes).
    Removing stm32f1xx_hal_spi.o(i.HAL_SPI_MspDeInit), (2 bytes).
    Removing stm32f1xx_hal_spi.o(i.HAL_SPI_MspInit), (2 bytes).
    Removing stm32f1xx_hal_spi.o(i.HAL_SPI_Receive), (586 bytes).
    Removing stm32f1xx_hal_spi.o(i.HAL_SPI_Receive_DMA), (308 bytes).
    Removing stm32f1xx_hal_spi.o(i.HAL_SPI_Receive_IT), (240 bytes).
    Removing stm32f1xx_hal_spi.o(i.HAL_SPI_RxCpltCallback), (2 bytes).
    Removing stm32f1xx_hal_spi.o(i.HAL_SPI_RxHalfCpltCallback), (2 bytes).
    Removing stm32f1xx_hal_spi.o(i.HAL_SPI_Transmit), (474 bytes).
    Removing stm32f1xx_hal_spi.o(i.HAL_SPI_TransmitReceive), (750 bytes).
    Removing stm32f1xx_hal_spi.o(i.HAL_SPI_TransmitReceive_DMA), (400 bytes).
    Removing stm32f1xx_hal_spi.o(i.HAL_SPI_TransmitReceive_IT), (240 bytes).
    Removing stm32f1xx_hal_spi.o(i.HAL_SPI_Transmit_DMA), (276 bytes).
    Removing stm32f1xx_hal_spi.o(i.HAL_SPI_Transmit_IT), (204 bytes).
    Removing stm32f1xx_hal_spi.o(i.HAL_SPI_TxCpltCallback), (2 bytes).
    Removing stm32f1xx_hal_spi.o(i.HAL_SPI_TxHalfCpltCallback), (2 bytes).
    Removing stm32f1xx_hal_spi.o(i.HAL_SPI_TxRxCpltCallback), (2 bytes).
    Removing stm32f1xx_hal_spi.o(i.HAL_SPI_TxRxHalfCpltCallback), (2 bytes).
    Removing stm32f1xx_hal_spi.o(i.SPI_2linesRxISR_16BIT), (72 bytes).
    Removing stm32f1xx_hal_spi.o(i.SPI_2linesRxISR_16BITCRC), (28 bytes).
    Removing stm32f1xx_hal_spi.o(i.SPI_2linesRxISR_8BIT), (72 bytes).
    Removing stm32f1xx_hal_spi.o(i.SPI_2linesRxISR_8BITCRC), (32 bytes).
    Removing stm32f1xx_hal_spi.o(i.SPI_2linesTxISR_16BIT), (88 bytes).
    Removing stm32f1xx_hal_spi.o(i.SPI_2linesTxISR_8BIT), (88 bytes).
    Removing stm32f1xx_hal_spi.o(i.SPI_AbortRx_ISR), (104 bytes).
    Removing stm32f1xx_hal_spi.o(i.SPI_AbortTx_ISR), (32 bytes).
    Removing stm32f1xx_hal_spi.o(i.SPI_CloseRxTx_ISR), (264 bytes).
    Removing stm32f1xx_hal_spi.o(i.SPI_CloseRx_ISR), (168 bytes).
    Removing stm32f1xx_hal_spi.o(i.SPI_CloseTx_ISR), (160 bytes).
    Removing stm32f1xx_hal_spi.o(i.SPI_DMAAbortOnError), (20 bytes).
    Removing stm32f1xx_hal_spi.o(i.SPI_DMAError), (40 bytes).
    Removing stm32f1xx_hal_spi.o(i.SPI_DMAHalfReceiveCplt), (14 bytes).
    Removing stm32f1xx_hal_spi.o(i.SPI_DMAHalfTransmitCplt), (14 bytes).
    Removing stm32f1xx_hal_spi.o(i.SPI_DMAHalfTransmitReceiveCplt), (14 bytes).
    Removing stm32f1xx_hal_spi.o(i.SPI_DMAReceiveCplt), (196 bytes).
    Removing stm32f1xx_hal_spi.o(i.SPI_DMARxAbortCallback), (128 bytes).
    Removing stm32f1xx_hal_spi.o(i.SPI_DMATransmitCplt), (126 bytes).
    Removing stm32f1xx_hal_spi.o(i.SPI_DMATransmitReceiveCplt), (202 bytes).
    Removing stm32f1xx_hal_spi.o(i.SPI_DMATxAbortCallback), (156 bytes).
    Removing stm32f1xx_hal_spi.o(i.SPI_EndRxTransaction), (120 bytes).
    Removing stm32f1xx_hal_spi.o(i.SPI_EndRxTxTransaction), (40 bytes).
    Removing stm32f1xx_hal_spi.o(i.SPI_ISCRCErrorValid), (6 bytes).
    Removing stm32f1xx_hal_spi.o(i.SPI_RxISR_16BIT), (104 bytes).
    Removing stm32f1xx_hal_spi.o(i.SPI_RxISR_16BITCRC), (28 bytes).
    Removing stm32f1xx_hal_spi.o(i.SPI_RxISR_8BIT), (104 bytes).
    Removing stm32f1xx_hal_spi.o(i.SPI_RxISR_8BITCRC), (16 bytes).
    Removing stm32f1xx_hal_spi.o(i.SPI_TxISR_16BIT), (56 bytes).
    Removing stm32f1xx_hal_spi.o(i.SPI_TxISR_8BIT), (56 bytes).
    Removing stm32f1xx_hal_spi.o(i.SPI_WaitFlagStateUntilTimeout), (168 bytes).
    Removing delay.o(.rev16_text), (4 bytes).
    Removing delay.o(.revsh_text), (4 bytes).
    Removing delay.o(.rrx_text), (6 bytes).
    Removing delay.o(i.delay_init), (20 bytes).
    Removing sys.o(.rev16_text), (4 bytes).
    Removing sys.o(.revsh_text), (4 bytes).
    Removing sys.o(.rrx_text), (6 bytes).
    Removing sys.o(.emb_text), (6 bytes).
    Removing sys.o(i.INTX_DISABLE), (4 bytes).
    Removing sys.o(i.INTX_ENABLE), (4 bytes).
    Removing sys.o(i.Stm32_Clock_Init), (86 bytes).
    Removing sys.o(i.WFI_SET), (4 bytes).
    Removing usart.o(.rev16_text), (4 bytes).
    Removing usart.o(.revsh_text), (4 bytes).
    Removing usart.o(.rrx_text), (6 bytes).
    Removing usart.o(i.HAL_UART_MspInit), (168 bytes).
    Removing usart.o(i.uart_init), (56 bytes).
    Removing led.o(.rev16_text), (4 bytes).
    Removing led.o(.revsh_text), (4 bytes).
    Removing led.o(.rrx_text), (6 bytes).
    Removing led.o(i.LED_Init), (128 bytes).
    Removing lcd.o(.rev16_text), (4 bytes).
    Removing lcd.o(.revsh_text), (4 bytes).
    Removing lcd.o(.rrx_text), (6 bytes).
    Removing lcd.o(i.HAL_SRAM_MspInit), (188 bytes).
    Removing lcd.o(i.LCD_BGR2RGB), (26 bytes).
    Removing lcd.o(i.LCD_Color_Fill), (96 bytes).
    Removing lcd.o(i.LCD_DisplayOff), (72 bytes).
    Removing lcd.o(i.LCD_DisplayOn), (72 bytes).
    Removing lcd.o(i.LCD_Display_Dir), (352 bytes).
    Removing lcd.o(i.LCD_DrawRectangle), (60 bytes).
    Removing lcd.o(i.LCD_Fill), (84 bytes).
    Removing lcd.o(i.LCD_Init), (9324 bytes).
    Removing lcd.o(i.LCD_RD_DATA), (20 bytes).
    Removing lcd.o(i.LCD_ReadPoint), (184 bytes).
    Removing lcd.o(i.LCD_ReadReg), (22 bytes).
    Removing lcd.o(i.LCD_SSD_BackLightSet), (84 bytes).
    Removing lcd.o(i.LCD_Scan_Dir), (628 bytes).
    Removing lcd.o(i.LCD_Set_Window), (404 bytes).
    Removing lcd.o(i.LCD_ShowxNum), (190 bytes).
    Removing lcd.o(i.LCD_WriteRAM), (12 bytes).
    Removing lcd.o(i.LCD_WriteReg), (16 bytes).
    Removing lcd.o(i.opt_delay), (14 bytes).
    Removing key.o(.rev16_text), (4 bytes).
    Removing key.o(.revsh_text), (4 bytes).
    Removing key.o(.rrx_text), (6 bytes).
    Removing key.o(i.KEY_Init), (124 bytes).
    Removing sram.o(.rev16_text), (4 bytes).
    Removing sram.o(.revsh_text), (4 bytes).
    Removing sram.o(.rrx_text), (6 bytes).
    Removing sram.o(i.FSMC_SRAM_ReadBuffer), (22 bytes).
    Removing sram.o(i.FSMC_SRAM_WriteBuffer), (24 bytes).
    Removing sram.o(i.SRAM_Init), (316 bytes).
    Removing sram.o(.bss), (72 bytes).
    Removing timer.o(.rev16_text), (4 bytes).
    Removing timer.o(.revsh_text), (4 bytes).
    Removing timer.o(.rrx_text), (6 bytes).
    Removing ctiic.o(.rev16_text), (4 bytes).
    Removing ctiic.o(.revsh_text), (4 bytes).
    Removing ctiic.o(.rrx_text), (6 bytes).
    Removing ft5206.o(.rev16_text), (4 bytes).
    Removing ft5206.o(.revsh_text), (4 bytes).
    Removing ft5206.o(.rrx_text), (6 bytes).
    Removing gt9147.o(.rev16_text), (4 bytes).
    Removing gt9147.o(.revsh_text), (4 bytes).
    Removing gt9147.o(.rrx_text), (6 bytes).
    Removing touch.o(.rev16_text), (4 bytes).
    Removing touch.o(.revsh_text), (4 bytes).
    Removing touch.o(.rrx_text), (6 bytes).
    Removing touch.o(i.TP_Draw_Big_Point), (60 bytes).
    Removing 24cxx.o(.rev16_text), (4 bytes).
    Removing 24cxx.o(.revsh_text), (4 bytes).
    Removing 24cxx.o(.rrx_text), (6 bytes).
    Removing 24cxx.o(i.AT24CXX_Check), (46 bytes).
    Removing 24cxx.o(i.AT24CXX_ReadLenByte), (44 bytes).
    Removing 24cxx.o(i.AT24CXX_WriteLenByte), (42 bytes).
    Removing myiic.o(.rev16_text), (4 bytes).
    Removing myiic.o(.revsh_text), (4 bytes).
    Removing myiic.o(.rrx_text), (6 bytes).
    Removing malloc.o(.rev16_text), (4 bytes).
    Removing malloc.o(.revsh_text), (4 bytes).
    Removing malloc.o(.rrx_text), (6 bytes).
    Removing malloc.o(i.mymemcpy), (26 bytes).
    Removing malloc.o(i.myrealloc), (68 bytes).
    Removing usmart.o(.rev16_text), (4 bytes).
    Removing usmart.o(.revsh_text), (4 bytes).
    Removing usmart.o(.rrx_text), (6 bytes).
    Removing usmart_config.o(.rev16_text), (4 bytes).
    Removing usmart_config.o(.revsh_text), (4 bytes).
    Removing usmart_config.o(.rrx_text), (6 bytes).
    Removing usmart_str.o(.rev16_text), (4 bytes).
    Removing usmart_str.o(.revsh_text), (4 bytes).
    Removing usmart_str.o(.rrx_text), (6 bytes).
    Removing lv_disp.o(i._lv_disp_get_refr_timer), (26 bytes).
    Removing lv_disp.o(i.is_out_anim), (30 bytes).
    Removing lv_disp.o(i.lv_anim_set_delay), (6 bytes).
    Removing lv_disp.o(i.lv_anim_set_exec_cb), (4 bytes).
    Removing lv_disp.o(i.lv_anim_set_time), (4 bytes).
    Removing lv_disp.o(i.lv_anim_set_values), (8 bytes).
    Removing lv_disp.o(i.lv_anim_set_var), (4 bytes).
    Removing lv_disp.o(i.lv_disp_clean_dcache), (36 bytes).
    Removing lv_disp.o(i.lv_disp_enable_invalidation), (46 bytes).
    Removing lv_disp.o(i.lv_disp_get_inactive_time), (74 bytes).
    Removing lv_disp.o(i.lv_disp_load_scr), (22 bytes).
    Removing lv_disp.o(i.lv_disp_set_bg_color), (76 bytes).
    Removing lv_disp.o(i.lv_disp_set_bg_image), (70 bytes).
    Removing lv_disp.o(i.lv_disp_set_bg_opa), (72 bytes).
    Removing lv_disp.o(i.lv_disp_set_theme), (72 bytes).
    Removing lv_disp.o(i.lv_disp_trig_activity), (32 bytes).
    Removing lv_disp.o(i.lv_scr_act), (14 bytes).
    Removing lv_disp.o(i.lv_scr_load_anim), (916 bytes).
    Removing lv_disp.o(i.opa_scale_anim), (18 bytes).
    Removing lv_disp.o(i.scr_anim_ready), (90 bytes).
    Removing lv_disp.o(i.scr_load_anim_start), (34 bytes).
    Removing lv_disp.o(i.scr_load_internal), (90 bytes).
    Removing lv_disp.o(i.set_x_anim), (16 bytes).
    Removing lv_disp.o(i.set_y_anim), (16 bytes).
    Removing lv_event.o(i.lv_event_get_cover_area), (30 bytes).
    Removing lv_event.o(i.lv_event_get_draw_part_dsc), (32 bytes).
    Removing lv_event.o(i.lv_event_get_hit_test_info), (26 bytes).
    Removing lv_event.o(i.lv_event_get_key), (36 bytes).
    Removing lv_event.o(i.lv_event_get_old_size), (26 bytes).
    Removing lv_event.o(i.lv_event_get_scroll_anim), (26 bytes).
    Removing lv_event.o(i.lv_event_get_self_size_info), (26 bytes).
    Removing lv_event.o(i.lv_event_register_id), (20 bytes).
    Removing lv_event.o(i.lv_event_set_cover_res), (36 bytes).
    Removing lv_event.o(i.lv_event_stop_bubbling), (12 bytes).
    Removing lv_event.o(i.lv_event_stop_processing), (12 bytes).
    Removing lv_event.o(i.lv_obj_get_event_user_data), (74 bytes).
    Removing lv_event.o(i.lv_obj_remove_event_cb), (174 bytes).
    Removing lv_event.o(i.lv_obj_remove_event_cb_with_user_data), (198 bytes).
    Removing lv_event.o(i.lv_obj_remove_event_dsc), (172 bytes).
    Removing lv_group.o(i.lv_group_create), (96 bytes).
    Removing lv_group.o(i.lv_group_del), (160 bytes).
    Removing lv_group.o(i.lv_group_focus_freeze), (24 bytes).
    Removing lv_group.o(i.lv_group_get_edge_cb), (12 bytes).
    Removing lv_group.o(i.lv_group_get_focus_cb), (12 bytes).
    Removing lv_group.o(i.lv_group_get_wrap), (16 bytes).
    Removing lv_group.o(i.lv_group_remove_all_objs), (86 bytes).
    Removing lv_group.o(i.lv_group_set_default), (12 bytes).
    Removing lv_group.o(i.lv_group_set_edge_cb), (4 bytes).
    Removing lv_group.o(i.lv_group_set_focus_cb), (4 bytes).
    Removing lv_group.o(i.lv_group_set_refocus_policy), (10 bytes).
    Removing lv_group.o(i.lv_group_set_wrap), (10 bytes).
    Removing lv_group.o(i.lv_group_swap_obj), (116 bytes).
    Removing lv_indev.o(i.lv_indev_enable), (60 bytes).
    Removing lv_indev.o(i.lv_indev_get_gesture_dir), (10 bytes).
    Removing lv_indev.o(i.lv_indev_get_key), (18 bytes).
    Removing lv_indev.o(i.lv_indev_get_read_timer), (16 bytes).
    Removing lv_indev.o(i.lv_indev_set_button_points), (12 bytes).
    Removing lv_indev.o(i.lv_indev_set_cursor), (72 bytes).
    Removing lv_indev.o(i.lv_indev_set_group), (20 bytes).
    Removing lv_indev_scroll.o(i.lv_indev_scroll_get_snap_dist), (44 bytes).
    Removing lv_obj.o(i.lv_deinit), (32 bytes).
    Removing lv_obj.o(i.lv_is_initialized), (12 bytes).
    Removing lv_obj.o(i.lv_obj_get_class), (6 bytes).
    Removing lv_obj.o(i.lv_obj_has_class), (26 bytes).
    Removing lv_obj.o(i.lv_obj_is_valid), (82 bytes).
    Removing lv_obj.o(i.obj_valid_child), (70 bytes).
    Removing lv_obj_draw.o(i.lv_obj_draw_part_check_type), (22 bytes).
    Removing lv_obj_pos.o(i.lv_layout_register), (96 bytes).
    Removing lv_obj_pos.o(i.lv_obj_get_x2), (28 bytes).
    Removing lv_obj_pos.o(i.lv_obj_get_x_aligned), (14 bytes).
    Removing lv_obj_pos.o(i.lv_obj_get_y_aligned), (14 bytes).
    Removing lv_obj_pos.o(i.lv_obj_set_align), (18 bytes).
    Removing lv_obj_pos.o(i.lv_obj_set_content_height), (60 bytes).
    Removing lv_obj_pos.o(i.lv_obj_set_content_width), (60 bytes).
    Removing lv_obj_scroll.o(i.lv_obj_is_scrolling), (44 bytes).
    Removing lv_obj_scroll.o(i.lv_obj_scroll_to_view), (32 bytes).
    Removing lv_obj_scroll.o(i.lv_obj_update_snap), (38 bytes).
    Removing lv_obj_style.o(i.fade_anim_cb), (18 bytes).
    Removing lv_obj_style.o(i.fade_in_anim_ready), (16 bytes).
    Removing lv_obj_style.o(i.lv_obj_fade_in), (84 bytes).
    Removing lv_obj_style.o(i.lv_obj_fade_out), (84 bytes).
    Removing lv_obj_style.o(i.lv_obj_set_local_style_prop_meta), (46 bytes).
    Removing lv_obj_style_gen.o(i.lv_obj_set_style_anim), (24 bytes).
    Removing lv_obj_style_gen.o(i.lv_obj_set_style_anim_speed), (24 bytes).
    Removing lv_obj_style_gen.o(i.lv_obj_set_style_anim_time), (24 bytes).
    Removing lv_obj_style_gen.o(i.lv_obj_set_style_arc_color), (32 bytes).
    Removing lv_obj_style_gen.o(i.lv_obj_set_style_arc_img_src), (24 bytes).
    Removing lv_obj_style_gen.o(i.lv_obj_set_style_arc_opa), (24 bytes).
    Removing lv_obj_style_gen.o(i.lv_obj_set_style_arc_rounded), (24 bytes).
    Removing lv_obj_style_gen.o(i.lv_obj_set_style_arc_width), (24 bytes).
    Removing lv_obj_style_gen.o(i.lv_obj_set_style_bg_color), (32 bytes).
    Removing lv_obj_style_gen.o(i.lv_obj_set_style_bg_dither_mode), (24 bytes).
    Removing lv_obj_style_gen.o(i.lv_obj_set_style_bg_grad), (24 bytes).
    Removing lv_obj_style_gen.o(i.lv_obj_set_style_bg_grad_color), (32 bytes).
    Removing lv_obj_style_gen.o(i.lv_obj_set_style_bg_grad_dir), (24 bytes).
    Removing lv_obj_style_gen.o(i.lv_obj_set_style_bg_grad_stop), (24 bytes).
    Removing lv_obj_style_gen.o(i.lv_obj_set_style_bg_img_opa), (24 bytes).
    Removing lv_obj_style_gen.o(i.lv_obj_set_style_bg_img_recolor), (32 bytes).
    Removing lv_obj_style_gen.o(i.lv_obj_set_style_bg_img_recolor_opa), (24 bytes).
    Removing lv_obj_style_gen.o(i.lv_obj_set_style_bg_img_tiled), (24 bytes).
    Removing lv_obj_style_gen.o(i.lv_obj_set_style_bg_main_stop), (24 bytes).
    Removing lv_obj_style_gen.o(i.lv_obj_set_style_bg_opa), (24 bytes).
    Removing lv_obj_style_gen.o(i.lv_obj_set_style_blend_mode), (24 bytes).
    Removing lv_obj_style_gen.o(i.lv_obj_set_style_border_color), (32 bytes).
    Removing lv_obj_style_gen.o(i.lv_obj_set_style_border_opa), (24 bytes).
    Removing lv_obj_style_gen.o(i.lv_obj_set_style_border_post), (24 bytes).
    Removing lv_obj_style_gen.o(i.lv_obj_set_style_border_side), (24 bytes).
    Removing lv_obj_style_gen.o(i.lv_obj_set_style_border_width), (24 bytes).
    Removing lv_obj_style_gen.o(i.lv_obj_set_style_clip_corner), (24 bytes).
    Removing lv_obj_style_gen.o(i.lv_obj_set_style_color_filter_dsc), (24 bytes).
    Removing lv_obj_style_gen.o(i.lv_obj_set_style_color_filter_opa), (24 bytes).
    Removing lv_obj_style_gen.o(i.lv_obj_set_style_img_opa), (24 bytes).
    Removing lv_obj_style_gen.o(i.lv_obj_set_style_img_recolor), (32 bytes).
    Removing lv_obj_style_gen.o(i.lv_obj_set_style_img_recolor_opa), (24 bytes).
    Removing lv_obj_style_gen.o(i.lv_obj_set_style_line_color), (32 bytes).
    Removing lv_obj_style_gen.o(i.lv_obj_set_style_line_dash_gap), (24 bytes).
    Removing lv_obj_style_gen.o(i.lv_obj_set_style_line_dash_width), (24 bytes).
    Removing lv_obj_style_gen.o(i.lv_obj_set_style_line_opa), (24 bytes).
    Removing lv_obj_style_gen.o(i.lv_obj_set_style_line_rounded), (24 bytes).
    Removing lv_obj_style_gen.o(i.lv_obj_set_style_line_width), (24 bytes).
    Removing lv_obj_style_gen.o(i.lv_obj_set_style_max_height), (24 bytes).
    Removing lv_obj_style_gen.o(i.lv_obj_set_style_max_width), (24 bytes).
    Removing lv_obj_style_gen.o(i.lv_obj_set_style_min_height), (24 bytes).
    Removing lv_obj_style_gen.o(i.lv_obj_set_style_opa), (24 bytes).
    Removing lv_obj_style_gen.o(i.lv_obj_set_style_opa_layered), (24 bytes).
    Removing lv_obj_style_gen.o(i.lv_obj_set_style_outline_color), (32 bytes).
    Removing lv_obj_style_gen.o(i.lv_obj_set_style_outline_opa), (24 bytes).
    Removing lv_obj_style_gen.o(i.lv_obj_set_style_outline_pad), (24 bytes).
    Removing lv_obj_style_gen.o(i.lv_obj_set_style_outline_width), (24 bytes).
    Removing lv_obj_style_gen.o(i.lv_obj_set_style_pad_bottom), (24 bytes).
    Removing lv_obj_style_gen.o(i.lv_obj_set_style_pad_column), (24 bytes).
    Removing lv_obj_style_gen.o(i.lv_obj_set_style_pad_left), (24 bytes).
    Removing lv_obj_style_gen.o(i.lv_obj_set_style_pad_right), (24 bytes).
    Removing lv_obj_style_gen.o(i.lv_obj_set_style_pad_row), (24 bytes).
    Removing lv_obj_style_gen.o(i.lv_obj_set_style_pad_top), (24 bytes).
    Removing lv_obj_style_gen.o(i.lv_obj_set_style_radius), (24 bytes).
    Removing lv_obj_style_gen.o(i.lv_obj_set_style_shadow_color), (32 bytes).
    Removing lv_obj_style_gen.o(i.lv_obj_set_style_shadow_ofs_x), (24 bytes).
    Removing lv_obj_style_gen.o(i.lv_obj_set_style_shadow_ofs_y), (24 bytes).
    Removing lv_obj_style_gen.o(i.lv_obj_set_style_shadow_opa), (24 bytes).
    Removing lv_obj_style_gen.o(i.lv_obj_set_style_shadow_spread), (24 bytes).
    Removing lv_obj_style_gen.o(i.lv_obj_set_style_shadow_width), (24 bytes).
    Removing lv_obj_style_gen.o(i.lv_obj_set_style_text_color), (32 bytes).
    Removing lv_obj_style_gen.o(i.lv_obj_set_style_text_decor), (24 bytes).
    Removing lv_obj_style_gen.o(i.lv_obj_set_style_text_font), (24 bytes).
    Removing lv_obj_style_gen.o(i.lv_obj_set_style_text_letter_space), (24 bytes).
    Removing lv_obj_style_gen.o(i.lv_obj_set_style_text_line_space), (24 bytes).
    Removing lv_obj_style_gen.o(i.lv_obj_set_style_text_opa), (24 bytes).
    Removing lv_obj_style_gen.o(i.lv_obj_set_style_transform_angle), (24 bytes).
    Removing lv_obj_style_gen.o(i.lv_obj_set_style_transform_height), (24 bytes).
    Removing lv_obj_style_gen.o(i.lv_obj_set_style_transform_pivot_x), (24 bytes).
    Removing lv_obj_style_gen.o(i.lv_obj_set_style_transform_pivot_y), (24 bytes).
    Removing lv_obj_style_gen.o(i.lv_obj_set_style_transform_width), (24 bytes).
    Removing lv_obj_style_gen.o(i.lv_obj_set_style_transform_zoom), (24 bytes).
    Removing lv_obj_style_gen.o(i.lv_obj_set_style_transition), (24 bytes).
    Removing lv_obj_style_gen.o(i.lv_obj_set_style_translate_x), (24 bytes).
    Removing lv_obj_style_gen.o(i.lv_obj_set_style_translate_y), (24 bytes).
    Removing lv_obj_tree.o(i.lv_obj_clean), (84 bytes).
    Removing lv_obj_tree.o(i.lv_obj_del_anim_ready_cb), (12 bytes).
    Removing lv_obj_tree.o(i.lv_obj_del_async), (24 bytes).
    Removing lv_obj_tree.o(i.lv_obj_del_async_cb), (16 bytes).
    Removing lv_obj_tree.o(i.lv_obj_del_delayed), (60 bytes).
    Removing lv_obj_tree.o(i.lv_obj_swap), (152 bytes).
    Removing lv_obj_tree.o(i.lv_obj_tree_walk), (20 bytes).
    Removing lv_obj_tree.o(i.walk_core), (136 bytes).
    Removing lv_refr.o(i._lv_refr_set_disp_refreshing), (12 bytes).
    Removing lv_refr.o(i.lv_refr_now), (58 bytes).
    Removing lv_theme.o(i.lv_theme_get_color_secondary), (36 bytes).
    Removing lv_theme.o(i.lv_theme_get_font_large), (28 bytes).
    Removing lv_theme.o(i.lv_theme_get_font_normal), (28 bytes).
    Removing lv_theme.o(i.lv_theme_get_font_small), (28 bytes).
    Removing lv_theme.o(i.lv_theme_set_apply_cb), (4 bytes).
    Removing lv_theme.o(i.lv_theme_set_parent), (4 bytes).
    Removing lv_draw_mask.o(i.lv_draw_mask_apply_ids), (108 bytes).
    Removing lv_draw_mask.o(i.lv_draw_mask_fade), (260 bytes).
    Removing lv_draw_mask.o(i.lv_draw_mask_fade_init), (56 bytes).
    Removing lv_draw_mask.o(i.lv_draw_mask_get_cnt), (32 bytes).
    Removing lv_draw_mask.o(i.lv_draw_mask_map), (174 bytes).
    Removing lv_draw_mask.o(i.lv_draw_mask_map_init), (36 bytes).
    Removing lv_draw_mask.o(i.lv_draw_mask_polygon), (666 bytes).
    Removing lv_draw_mask.o(i.lv_draw_mask_polygon_init), (180 bytes).
    Removing lv_draw_triangle.o(i.lv_draw_polygon), (30 bytes).
    Removing lv_draw_triangle.o(i.lv_draw_triangle), (26 bytes).
    Removing lv_img_buf.o(i.lv_img_buf_alloc), (126 bytes).
    Removing lv_img_buf.o(i.lv_img_buf_free), (24 bytes).
    Removing lv_img_buf.o(i.lv_img_buf_get_img_size), (176 bytes).
    Removing lv_img_buf.o(i.lv_img_buf_get_px_alpha), (320 bytes).
    Removing lv_img_buf.o(i.lv_img_buf_get_px_color), (418 bytes).
    Removing lv_img_buf.o(i.lv_img_buf_set_palette), (176 bytes).
    Removing lv_img_buf.o(i.lv_img_buf_set_px_alpha), (292 bytes).
    Removing lv_img_buf.o(i.lv_img_buf_set_px_color), (378 bytes).
    Removing lv_img_buf.o(i.lv_memcpy_small), (24 bytes).
    Removing lv_img_cache.o(i.lv_img_cache_set_size), (6 bytes).
    Removing lv_img_decoder.o(i.lv_img_decoder_delete), (24 bytes).
    Removing lv_draw_sw.o(i.lv_draw_sw_deinit_ctx), (18 bytes).
    Removing lv_draw_sw_gradient.o(i.lv_gradient_free_cache), (40 bytes).
    Removing lv_flex.o(i.children_repos), (1360 bytes).
    Removing lv_flex.o(i.find_track_end), (700 bytes).
    Removing lv_flex.o(i.flex_update), (916 bytes).
    Removing lv_flex.o(i.get_next_item), (66 bytes).
    Removing lv_flex.o(i.lv_area_get_height), (14 bytes).
    Removing lv_flex.o(i.lv_area_get_width), (14 bytes).
    Removing lv_flex.o(i.lv_flex_init), (96 bytes).
    Removing lv_flex.o(i.lv_obj_get_style_base_dir), (24 bytes).
    Removing lv_flex.o(i.lv_obj_get_style_flex_grow), (32 bytes).
    Removing lv_flex.o(i.lv_obj_get_style_height), (24 bytes).
    Removing lv_flex.o(i.lv_obj_get_style_pad_column), (24 bytes).
    Removing lv_flex.o(i.lv_obj_get_style_pad_row), (24 bytes).
    Removing lv_flex.o(i.lv_obj_get_style_width), (24 bytes).
    Removing lv_flex.o(i.lv_style_set_flex_cross_place), (28 bytes).
    Removing lv_flex.o(i.lv_style_set_flex_flow), (28 bytes).
    Removing lv_flex.o(i.lv_style_set_flex_grow), (28 bytes).
    Removing lv_flex.o(i.lv_style_set_flex_main_place), (28 bytes).
    Removing lv_flex.o(i.lv_style_set_flex_track_place), (28 bytes).
    Removing lv_flex.o(i.place_content), (182 bytes).
    Removing lv_grid.o(i.calc), (300 bytes).
    Removing lv_grid.o(i.calc_cols), (420 bytes).
    Removing lv_grid.o(i.calc_free), (30 bytes).
    Removing lv_grid.o(i.calc_rows), (416 bytes).
    Removing lv_grid.o(i.count_tracks), (22 bytes).
    Removing lv_grid.o(i.get_col_dsc), (28 bytes).
    Removing lv_grid.o(i.get_col_pos), (32 bytes).
    Removing lv_grid.o(i.get_col_span), (32 bytes).
    Removing lv_grid.o(i.get_row_dsc), (28 bytes).
    Removing lv_grid.o(i.get_row_pos), (32 bytes).
    Removing lv_grid.o(i.get_row_span), (32 bytes).
    Removing lv_grid.o(i.grid_align), (350 bytes).
    Removing lv_grid.o(i.grid_update), (258 bytes).
    Removing lv_grid.o(i.item_repos), (988 bytes).
    Removing lv_grid.o(i.lv_grid_init), (164 bytes).
    Removing lv_grid.o(i.lv_obj_get_style_base_dir), (24 bytes).
    Removing lv_grid.o(i.lv_obj_get_style_height), (24 bytes).
    Removing lv_grid.o(i.lv_obj_get_style_pad_column), (24 bytes).
    Removing lv_grid.o(i.lv_obj_get_style_pad_row), (24 bytes).
    Removing lv_grid.o(i.lv_obj_get_style_width), (24 bytes).
    Removing lv_grid.o(i.lv_obj_set_grid_align), (30 bytes).
    Removing lv_grid.o(i.lv_obj_set_grid_cell), (96 bytes).
    Removing lv_grid.o(i.lv_obj_set_grid_dsc_array), (48 bytes).
    Removing lv_grid.o(i.lv_obj_set_style_grid_cell_column_pos), (32 bytes).
    Removing lv_grid.o(i.lv_obj_set_style_grid_cell_column_span), (32 bytes).
    Removing lv_grid.o(i.lv_obj_set_style_grid_cell_row_pos), (32 bytes).
    Removing lv_grid.o(i.lv_obj_set_style_grid_cell_row_span), (32 bytes).
    Removing lv_grid.o(i.lv_obj_set_style_grid_cell_x_align), (32 bytes).
    Removing lv_grid.o(i.lv_obj_set_style_grid_cell_y_align), (32 bytes).
    Removing lv_grid.o(i.lv_obj_set_style_grid_column_align), (32 bytes).
    Removing lv_grid.o(i.lv_obj_set_style_grid_column_dsc_array), (32 bytes).
    Removing lv_grid.o(i.lv_obj_set_style_grid_row_align), (32 bytes).
    Removing lv_grid.o(i.lv_obj_set_style_grid_row_dsc_array), (32 bytes).
    Removing lv_grid.o(i.lv_style_set_grid_cell_column_pos), (28 bytes).
    Removing lv_grid.o(i.lv_style_set_grid_cell_column_span), (28 bytes).
    Removing lv_grid.o(i.lv_style_set_grid_cell_row_pos), (28 bytes).
    Removing lv_grid.o(i.lv_style_set_grid_cell_row_span), (28 bytes).
    Removing lv_grid.o(i.lv_style_set_grid_cell_x_align), (28 bytes).
    Removing lv_grid.o(i.lv_style_set_grid_cell_y_align), (28 bytes).
    Removing lv_grid.o(i.lv_style_set_grid_column_align), (28 bytes).
    Removing lv_grid.o(i.lv_style_set_grid_column_dsc_array), (28 bytes).
    Removing lv_grid.o(i.lv_style_set_grid_row_align), (28 bytes).
    Removing lv_grid.o(i.lv_style_set_grid_row_dsc_array), (28 bytes).
    Removing lv_grid.o(.data), (22 bytes).
    Removing lv_theme_basic_1.o(i.lv_color_white), (60 bytes).
    Removing lv_theme_basic_1.o(i.lv_theme_basic_init), (112 bytes).
    Removing lv_theme_basic_1.o(i.lv_theme_basic_is_inited), (20 bytes).
    Removing lv_theme_basic_1.o(i.style_init), (732 bytes).
    Removing lv_theme_basic_1.o(i.style_init_reset), (32 bytes).
    Removing lv_theme_basic_1.o(i.theme_apply), (1752 bytes).
    Removing lv_theme_basic_1.o(.bss), (36 bytes).
    Removing lv_theme_basic_1.o(.data), (5 bytes).
    Removing lv_animimg.o(i.index_change), (42 bytes).
    Removing lv_animimg.o(i.lv_anim_set_repeat_count), (6 bytes).
    Removing lv_animimg.o(i.lv_anim_set_time), (4 bytes).
    Removing lv_animimg.o(i.lv_anim_set_values), (8 bytes).
    Removing lv_animimg.o(i.lv_animimg_constructor), (80 bytes).
    Removing lv_animimg.o(i.lv_animimg_create), (32 bytes).
    Removing lv_animimg.o(i.lv_animimg_set_duration), (30 bytes).
    Removing lv_animimg.o(i.lv_animimg_set_repeat_count), (24 bytes).
    Removing lv_animimg.o(i.lv_animimg_set_src), (42 bytes).
    Removing lv_animimg.o(i.lv_animimg_start), (20 bytes).
    Removing lv_animimg.o(.constdata), (28 bytes).
    Removing lv_calendar.o(i.lv_calendar_create), (32 bytes).
    Removing lv_calendar.o(i.lv_calendar_get_btnmatrix), (12 bytes).
    Removing lv_calendar.o(i.lv_calendar_get_highlighted_dates), (12 bytes).
    Removing lv_calendar.o(i.lv_calendar_get_highlighted_dates_num), (12 bytes).
    Removing lv_calendar.o(i.lv_calendar_get_pressed_date), (108 bytes).
    Removing lv_calendar.o(i.lv_calendar_get_today_date), (14 bytes).
    Removing lv_calendar.o(i.lv_calendar_set_day_names), (46 bytes).
    Removing lv_calendar.o(i.lv_calendar_set_highlighted_dates), (44 bytes).
    Removing lv_calendar_header_arrow.o(i.lv_calendar_header_arrow_create), (28 bytes).
    Removing lv_calendar_header_dropdown.o(i.lv_calendar_header_dropdown_create), (28 bytes).
    Removing lv_calendar_header_dropdown.o(i.lv_calendar_header_dropdown_set_year_list), (148 bytes).
    Removing lv_chart.o(i.lv_chart_add_cursor), (68 bytes).
    Removing lv_chart.o(i.lv_chart_add_series), (228 bytes).
    Removing lv_chart.o(i.lv_chart_create), (32 bytes).
    Removing lv_chart.o(i.lv_chart_get_cursor_point), (20 bytes).
    Removing lv_chart.o(i.lv_chart_get_point_count), (14 bytes).
    Removing lv_chart.o(i.lv_chart_get_pressed_point), (10 bytes).
    Removing lv_chart.o(i.lv_chart_get_series_next), (36 bytes).
    Removing lv_chart.o(i.lv_chart_get_type), (18 bytes).
    Removing lv_chart.o(i.lv_chart_get_x_array), (24 bytes).
    Removing lv_chart.o(i.lv_chart_get_y_array), (24 bytes).
    Removing lv_chart.o(i.lv_chart_get_zoom_x), (14 bytes).
    Removing lv_chart.o(i.lv_chart_get_zoom_y), (14 bytes).
    Removing lv_chart.o(i.lv_chart_hide_series), (42 bytes).
    Removing lv_chart.o(i.lv_chart_refresh), (16 bytes).
    Removing lv_chart.o(i.lv_chart_remove_series), (80 bytes).
    Removing lv_chart.o(i.lv_chart_set_all_value), (66 bytes).
    Removing lv_chart.o(i.lv_chart_set_axis_tick), (80 bytes).
    Removing lv_chart.o(i.lv_chart_set_cursor_point), (58 bytes).
    Removing lv_chart.o(i.lv_chart_set_cursor_pos), (42 bytes).
    Removing lv_chart.o(i.lv_chart_set_div_line_count), (54 bytes).
    Removing lv_chart.o(i.lv_chart_set_ext_x_array), (64 bytes).
    Removing lv_chart.o(i.lv_chart_set_ext_y_array), (64 bytes).
    Removing lv_chart.o(i.lv_chart_set_next_value), (76 bytes).
    Removing lv_chart.o(i.lv_chart_set_next_value2), (98 bytes).
    Removing lv_chart.o(i.lv_chart_set_point_count), (130 bytes).
    Removing lv_chart.o(i.lv_chart_set_range), (116 bytes).
    Removing lv_chart.o(i.lv_chart_set_series_color), (38 bytes).
    Removing lv_chart.o(i.lv_chart_set_type), (172 bytes).
    Removing lv_chart.o(i.lv_chart_set_update_mode), (48 bytes).
    Removing lv_chart.o(i.lv_chart_set_value_by_id), (62 bytes).
    Removing lv_chart.o(i.lv_chart_set_value_by_id2), (90 bytes).
    Removing lv_chart.o(i.lv_chart_set_x_start_point), (38 bytes).
    Removing lv_chart.o(i.lv_chart_set_zoom_x), (50 bytes).
    Removing lv_chart.o(i.lv_chart_set_zoom_y), (50 bytes).
    Removing lv_chart.o(i.new_points_alloc), (234 bytes).
    Removing lv_colorwheel.o(i.lv_colorwheel_create), (44 bytes).
    Removing lv_colorwheel.o(i.lv_colorwheel_get_color_mode), (18 bytes).
    Removing lv_colorwheel.o(i.lv_colorwheel_get_color_mode_fixed), (18 bytes).
    Removing lv_colorwheel.o(i.lv_colorwheel_get_hsv), (16 bytes).
    Removing lv_colorwheel.o(i.lv_colorwheel_set_mode), (38 bytes).
    Removing lv_colorwheel.o(i.lv_colorwheel_set_mode_fixed), (22 bytes).
    Removing lv_colorwheel.o(i.lv_colorwheel_set_rgb), (126 bytes).
    Removing lv_imgbtn.o(i.draw_main), (618 bytes).
    Removing lv_imgbtn.o(i.get_state), (70 bytes).
    Removing lv_imgbtn.o(i.lv_imgbtn_constructor), (46 bytes).
    Removing lv_imgbtn.o(i.lv_imgbtn_create), (32 bytes).
    Removing lv_imgbtn.o(i.lv_imgbtn_event), (248 bytes).
    Removing lv_imgbtn.o(i.lv_imgbtn_get_src_left), (18 bytes).
    Removing lv_imgbtn.o(i.lv_imgbtn_get_src_middle), (18 bytes).
    Removing lv_imgbtn.o(i.lv_imgbtn_get_src_right), (18 bytes).
    Removing lv_imgbtn.o(i.lv_imgbtn_set_src), (54 bytes).
    Removing lv_imgbtn.o(i.lv_imgbtn_set_state), (76 bytes).
    Removing lv_imgbtn.o(i.refr_img), (104 bytes).
    Removing lv_imgbtn.o(i.suggest_state), (114 bytes).
    Removing lv_imgbtn.o(.constdata), (28 bytes).
    Removing lv_keyboard.o(i.lv_btnmatrix_get_popovers), (14 bytes).
    Removing lv_keyboard.o(i.lv_keyboard_create), (32 bytes).
    Removing lv_keyboard.o(i.lv_keyboard_get_mode), (14 bytes).
    Removing lv_keyboard.o(i.lv_keyboard_get_textarea), (12 bytes).
    Removing lv_keyboard.o(i.lv_keyboard_set_map), (44 bytes).
    Removing lv_keyboard.o(i.lv_keyboard_set_mode), (36 bytes).
    Removing lv_keyboard.o(i.lv_keyboard_set_popovers), (36 bytes).
    Removing lv_keyboard.o(i.lv_keyboard_set_textarea), (46 bytes).
    Removing lv_led.o(i.lv_led_create), (32 bytes).
    Removing lv_led.o(i.lv_led_get_brightness), (14 bytes).
    Removing lv_led.o(i.lv_led_off), (14 bytes).
    Removing lv_led.o(i.lv_led_on), (14 bytes).
    Removing lv_led.o(i.lv_led_set_brightness), (64 bytes).
    Removing lv_led.o(i.lv_led_set_color), (24 bytes).
    Removing lv_led.o(i.lv_led_toggle), (32 bytes).
    Removing lv_list.o(i.lv_list_add_btn), (120 bytes).
    Removing lv_list.o(i.lv_list_add_text), (60 bytes).
    Removing lv_list.o(i.lv_list_create), (40 bytes).
    Removing lv_list.o(i.lv_list_get_btn_text), (68 bytes).
    Removing lv_menu.o(i.lv_menu_cont_create), (32 bytes).
    Removing lv_menu.o(i.lv_menu_create), (32 bytes).
    Removing lv_menu.o(i.lv_menu_get_main_header), (12 bytes).
    Removing lv_menu.o(i.lv_menu_get_main_header_back_btn), (12 bytes).
    Removing lv_menu.o(i.lv_menu_get_sidebar_header), (12 bytes).
    Removing lv_menu.o(i.lv_menu_get_sidebar_header_back_btn), (12 bytes).
    Removing lv_menu.o(i.lv_menu_load_page_event_cb), (138 bytes).
    Removing lv_menu.o(i.lv_menu_obj_del_event_cb), (20 bytes).
    Removing lv_menu.o(i.lv_menu_page_create), (100 bytes).
    Removing lv_menu.o(i.lv_menu_refr), (70 bytes).
    Removing lv_menu.o(i.lv_menu_refr_sidebar_header_mode), (138 bytes).
    Removing lv_menu.o(i.lv_menu_section_create), (32 bytes).
    Removing lv_menu.o(i.lv_menu_separator_create), (32 bytes).
    Removing lv_menu.o(i.lv_menu_set_load_page_event), (116 bytes).
    Removing lv_menu.o(i.lv_menu_set_mode_header), (58 bytes).
    Removing lv_menu.o(i.lv_menu_set_mode_root_back_btn), (44 bytes).
    Removing lv_menu.o(i.lv_menu_set_sidebar_page), (348 bytes).
    Removing lv_meter.o(i.inv_arc), (200 bytes).
    Removing lv_meter.o(i.inv_line), (506 bytes).
    Removing lv_meter.o(i.lv_meter_add_arc), (92 bytes).
    Removing lv_meter.o(i.lv_meter_add_needle_img), (86 bytes).
    Removing lv_meter.o(i.lv_meter_add_needle_line), (92 bytes).
    Removing lv_meter.o(i.lv_meter_add_scale), (92 bytes).
    Removing lv_meter.o(i.lv_meter_add_scale_lines), (98 bytes).
    Removing lv_meter.o(i.lv_meter_create), (32 bytes).
    Removing lv_meter.o(i.lv_meter_set_indicator_end_value), (76 bytes).
    Removing lv_meter.o(i.lv_meter_set_indicator_start_value), (76 bytes).
    Removing lv_meter.o(i.lv_meter_set_indicator_value), (104 bytes).
    Removing lv_meter.o(i.lv_meter_set_scale_major_ticks), (48 bytes).
    Removing lv_meter.o(i.lv_meter_set_scale_range), (40 bytes).
    Removing lv_meter.o(i.lv_meter_set_scale_ticks), (40 bytes).
    Removing lv_msgbox.o(i.lv_msgbox_close), (38 bytes).
    Removing lv_msgbox.o(i.lv_msgbox_close_async), (38 bytes).
    Removing lv_msgbox.o(i.lv_msgbox_create), (712 bytes).
    Removing lv_msgbox.o(i.lv_msgbox_get_active_btn), (20 bytes).
    Removing lv_msgbox.o(i.lv_msgbox_get_active_btn_text), (30 bytes).
    Removing lv_msgbox.o(i.lv_msgbox_get_btns), (12 bytes).
    Removing lv_msgbox.o(i.lv_msgbox_get_close_btn), (12 bytes).
    Removing lv_msgbox.o(i.lv_msgbox_get_content), (12 bytes).
    Removing lv_msgbox.o(i.lv_msgbox_get_text), (12 bytes).
    Removing lv_msgbox.o(i.lv_msgbox_get_title), (12 bytes).
    Removing lv_msgbox.o(i.lv_obj_get_style_text_font), (22 bytes).
    Removing lv_msgbox.o(i.lv_pct), (24 bytes).
    Removing lv_msgbox.o(i.msgbox_close_click_event_cb), (28 bytes).
    Removing lv_span.o(i._lv_txt_is_break_char), (64 bytes).
    Removing lv_span.o(i.convert_indent_pct), (118 bytes).
    Removing lv_span.o(i.draw_main), (30 bytes).
    Removing lv_span.o(i.lv_draw_span), (1610 bytes).
    Removing lv_span.o(i.lv_font_get_line_height), (8 bytes).
    Removing lv_span.o(i.lv_get_snippet), (20 bytes).
    Removing lv_span.o(i.lv_get_snippet_cnt), (12 bytes).
    Removing lv_span.o(i.lv_obj_get_style_text_align), (24 bytes).
    Removing lv_span.o(i.lv_obj_get_style_text_line_space), (24 bytes).
    Removing lv_span.o(i.lv_obj_get_style_width), (24 bytes).
    Removing lv_span.o(i.lv_snippet_clear), (16 bytes).
    Removing lv_span.o(i.lv_snippet_push), (64 bytes).
    Removing lv_span.o(i.lv_span_get_style_text_blend_mode), (58 bytes).
    Removing lv_span.o(i.lv_span_get_style_text_color), (54 bytes).
    Removing lv_span.o(i.lv_span_get_style_text_decor), (56 bytes).
    Removing lv_span.o(i.lv_span_get_style_text_font), (54 bytes).
    Removing lv_span.o(i.lv_span_get_style_text_letter_space), (58 bytes).
    Removing lv_span.o(i.lv_span_get_style_text_opa), (58 bytes).
    Removing lv_span.o(i.lv_span_set_text), (82 bytes).
    Removing lv_span.o(i.lv_span_set_text_static), (46 bytes).
    Removing lv_span.o(i.lv_spangroup_constructor), (66 bytes).
    Removing lv_span.o(i.lv_spangroup_create), (28 bytes).
    Removing lv_span.o(i.lv_spangroup_del_span), (110 bytes).
    Removing lv_span.o(i.lv_spangroup_destructor), (82 bytes).
    Removing lv_span.o(i.lv_spangroup_event), (340 bytes).
    Removing lv_span.o(i.lv_spangroup_get_align), (14 bytes).
    Removing lv_span.o(i.lv_spangroup_get_child), (106 bytes).
    Removing lv_span.o(i.lv_spangroup_get_child_cnt), (30 bytes).
    Removing lv_span.o(i.lv_spangroup_get_expand_height), (524 bytes).
    Removing lv_span.o(i.lv_spangroup_get_expand_width), (232 bytes).
    Removing lv_span.o(i.lv_spangroup_get_indent), (14 bytes).
    Removing lv_span.o(i.lv_spangroup_get_lines), (12 bytes).
    Removing lv_span.o(i.lv_spangroup_get_max_line_h), (72 bytes).
    Removing lv_span.o(i.lv_spangroup_get_mode), (18 bytes).
    Removing lv_span.o(i.lv_spangroup_get_overflow), (18 bytes).
    Removing lv_span.o(i.lv_spangroup_new_span), (72 bytes).
    Removing lv_span.o(i.lv_spangroup_refr_mode), (230 bytes).
    Removing lv_span.o(i.lv_spangroup_set_align), (18 bytes).
    Removing lv_span.o(i.lv_spangroup_set_indent), (34 bytes).
    Removing lv_span.o(i.lv_spangroup_set_lines), (22 bytes).
    Removing lv_span.o(i.lv_spangroup_set_mode), (32 bytes).
    Removing lv_span.o(i.lv_spangroup_set_overflow), (48 bytes).
    Removing lv_span.o(i.lv_txt_get_snippet), (80 bytes).
    Removing lv_span.o(i.refresh_self_size), (34 bytes).
    Removing lv_span.o(i.span_text_check), (20 bytes).
    Removing lv_span.o(.bss), (1284 bytes).
    Removing lv_span.o(.constdata), (28 bytes).
    Removing lv_spinbox.o(i.lv_spinbox_create), (32 bytes).
    Removing lv_spinbox.o(i.lv_spinbox_get_rollover), (18 bytes).
    Removing lv_spinbox.o(i.lv_spinbox_get_step), (12 bytes).
    Removing lv_spinbox.o(i.lv_spinbox_get_value), (12 bytes).
    Removing lv_spinbox.o(i.lv_spinbox_set_cursor_pos), (96 bytes).
    Removing lv_spinbox.o(i.lv_spinbox_set_digit_format), (142 bytes).
    Removing lv_spinbox.o(i.lv_spinbox_set_digit_step_direction), (32 bytes).
    Removing lv_spinbox.o(i.lv_spinbox_set_range), (54 bytes).
    Removing lv_spinbox.o(i.lv_spinbox_set_rollover), (22 bytes).
    Removing lv_spinbox.o(i.lv_spinbox_set_step), (22 bytes).
    Removing lv_spinbox.o(i.lv_spinbox_set_value), (38 bytes).
    Removing lv_spinner.o(i.lv_spinner_create), (52 bytes).
    Removing lv_tabview.o(i.lv_memcpy_small), (24 bytes).
    Removing lv_tabview.o(i.lv_tabview_add_tab), (340 bytes).
    Removing lv_tabview.o(i.lv_tabview_create), (56 bytes).
    Removing lv_tabview.o(i.lv_tabview_rename_tab), (92 bytes).
    Removing lv_tileview.o(i.lv_obj_set_tile), (60 bytes).
    Removing lv_tileview.o(i.lv_obj_set_tile_id), (128 bytes).
    Removing lv_tileview.o(i.lv_tileview_add_tile), (68 bytes).
    Removing lv_tileview.o(i.lv_tileview_create), (32 bytes).
    Removing lv_tileview.o(i.lv_tileview_get_tile_act), (8 bytes).
    Removing lv_win.o(i.lv_win_add_btn), (72 bytes).
    Removing lv_win.o(i.lv_win_add_title), (54 bytes).
    Removing lv_win.o(i.lv_win_create), (44 bytes).
    Removing lv_win.o(i.lv_win_get_content), (14 bytes).
    Removing lv_win.o(i.lv_win_get_header), (14 bytes).
    Removing lv_theme_mono.o(i.lv_color_black), (22 bytes).
    Removing lv_theme_mono.o(i.lv_color_make), (48 bytes).
    Removing lv_theme_mono.o(i.lv_color_white), (22 bytes).
    Removing lv_theme_mono.o(i.lv_style_set_pad_all), (40 bytes).
    Removing lv_theme_mono.o(i.lv_style_set_pad_gap), (24 bytes).
    Removing lv_theme_mono.o(i.lv_theme_mono_init), (120 bytes).
    Removing lv_theme_mono.o(i.lv_theme_mono_is_inited), (20 bytes).
    Removing lv_theme_mono.o(i.style_init), (996 bytes).
    Removing lv_theme_mono.o(i.style_init_reset), (32 bytes).
    Removing lv_theme_mono.o(i.theme_apply), (2684 bytes).
    Removing lv_theme_mono.o(.bss), (36 bytes).
    Removing lv_theme_mono.o(.data), (5 bytes).
    Removing lv_font_loader.o(i.init_bit_iterator), (26 bytes).
    Removing lv_font_loader.o(i.load_cmaps), (148 bytes).
    Removing lv_font_loader.o(i.load_cmaps_tables), (306 bytes).
    Removing lv_font_loader.o(i.load_glyph), (764 bytes).
    Removing lv_font_loader.o(i.load_kern), (452 bytes).
    Removing lv_font_loader.o(i.lv_font_free), (216 bytes).
    Removing lv_font_loader.o(i.lv_font_load), (72 bytes).
    Removing lv_font_loader.o(i.lvgl_load_font), (484 bytes).
    Removing lv_font_loader.o(i.read_bits), (94 bytes).
    Removing lv_font_loader.o(i.read_bits_signed), (46 bytes).
    Removing lv_font_loader.o(i.read_label), (72 bytes).
    Removing lv_hal_disp.o(i.invalidate_layout_cb), (16 bytes).
    Removing lv_hal_disp.o(i.lv_color_mix), (68 bytes).
    Removing lv_hal_disp.o(i.lv_color_mix_with_alpha), (260 bytes).
    Removing lv_hal_disp.o(i.lv_disp_drv_update), (216 bytes).
    Removing lv_hal_disp.o(i.lv_disp_drv_use_generic_set_px_cb), (88 bytes).
    Removing lv_hal_disp.o(i.lv_disp_flush_is_last), (16 bytes).
    Removing lv_hal_disp.o(i.lv_disp_get_antialiasing), (28 bytes).
    Removing lv_hal_disp.o(i.lv_disp_get_offset_x), (88 bytes).
    Removing lv_hal_disp.o(i.lv_disp_get_offset_y), (88 bytes).
    Removing lv_hal_disp.o(i.lv_disp_get_physical_hor_res), (90 bytes).
    Removing lv_hal_disp.o(i.lv_disp_get_physical_ver_res), (90 bytes).
    Removing lv_hal_disp.o(i.lv_disp_get_rotation), (28 bytes).
    Removing lv_hal_disp.o(i.lv_disp_remove), (152 bytes).
    Removing lv_hal_disp.o(i.lv_disp_set_default), (12 bytes).
    Removing lv_hal_disp.o(i.lv_disp_set_rotation), (42 bytes).
    Removing lv_hal_disp.o(i.set_px_alpha_generic), (210 bytes).
    Removing lv_hal_disp.o(i.set_px_cb_alpha1), (64 bytes).
    Removing lv_hal_disp.o(i.set_px_cb_alpha2), (64 bytes).
    Removing lv_hal_disp.o(i.set_px_cb_alpha4), (64 bytes).
    Removing lv_hal_disp.o(i.set_px_cb_alpha8), (64 bytes).
    Removing lv_hal_disp.o(i.set_px_true_color_alpha), (100 bytes).
    Removing lv_hal_indev.o(i.lv_indev_delete), (80 bytes).
    Removing lv_hal_indev.o(i.lv_indev_drv_update), (140 bytes).
    Removing lv_anim.o(i.lv_anim_count_running), (40 bytes).
    Removing lv_anim.o(i.lv_anim_del_all), (20 bytes).
    Removing lv_anim.o(i.lv_anim_get_playtime), (80 bytes).
    Removing lv_anim.o(i.lv_anim_get_timer), (12 bytes).
    Removing lv_anim.o(i.lv_anim_path_bounce), (234 bytes).
    Removing lv_anim.o(i.lv_anim_path_ease_in), (64 bytes).
    Removing lv_anim.o(i.lv_anim_path_overshoot), (68 bytes).
    Removing lv_anim.o(i.lv_anim_refr_now), (10 bytes).
    Removing lv_anim_timeline.o(i.lv_anim_set_delay), (6 bytes).
    Removing lv_anim_timeline.o(i.lv_anim_timeline_add), (144 bytes).
    Removing lv_anim_timeline.o(i.lv_anim_timeline_create), (38 bytes).
    Removing lv_anim_timeline.o(i.lv_anim_timeline_del), (38 bytes).
    Removing lv_anim_timeline.o(i.lv_anim_timeline_get_playtime), (84 bytes).
    Removing lv_anim_timeline.o(i.lv_anim_timeline_get_reverse), (20 bytes).
    Removing lv_anim_timeline.o(i.lv_anim_timeline_set_progress), (140 bytes).
    Removing lv_anim_timeline.o(i.lv_anim_timeline_set_reverse), (18 bytes).
    Removing lv_anim_timeline.o(i.lv_anim_timeline_start), (126 bytes).
    Removing lv_anim_timeline.o(i.lv_anim_timeline_stop), (50 bytes).
    Removing lv_anim_timeline.o(i.lv_anim_timeline_virtual_exec_cb), (2 bytes).
    Removing lv_area.o(i._lv_area_is_equal), (58 bytes).
    Removing lv_area.o(i._lv_area_set_pos), (50 bytes).
    Removing lv_area.o(i.lv_area_align), (852 bytes).
    Removing lv_area.o(i.lv_area_set_width), (12 bytes).
    Removing lv_async.o(i.lv_async_call), (68 bytes).
    Removing lv_async.o(i.lv_async_call_cancel), (88 bytes).
    Removing lv_async.o(i.lv_async_timer_cb), (20 bytes).
    Removing lv_color.o(i.lv_color_change_lightness), (70 bytes).
    Removing lv_color.o(i.lv_color_lighten), (48 bytes).
    Removing lv_color.o(i.lv_color_rgb_to_hsv), (262 bytes).
    Removing lv_color.o(i.lv_color_to_hsv), (116 bytes).
    Removing lv_fs.o(i.lv_fs_dir_close), (46 bytes).
    Removing lv_fs.o(i.lv_fs_dir_open), (94 bytes).
    Removing lv_fs.o(i.lv_fs_dir_read), (52 bytes).
    Removing lv_fs.o(i.lv_fs_drv_init), (14 bytes).
    Removing lv_fs.o(i.lv_fs_drv_register), (40 bytes).
    Removing lv_fs.o(i.lv_fs_get_last), (82 bytes).
    Removing lv_fs.o(i.lv_fs_get_letters), (52 bytes).
    Removing lv_fs.o(i.lv_fs_is_ready), (34 bytes).
    Removing lv_fs.o(i.lv_fs_tell), (64 bytes).
    Removing lv_fs.o(i.lv_fs_up), (84 bytes).
    Removing lv_fs.o(i.lv_fs_write), (72 bytes).
    Removing lv_gc.o(i._lv_gc_clear_roots), (220 bytes).
    Removing lv_ll.o(i._lv_ll_chg_list), (112 bytes).
    Removing lv_ll.o(i._lv_ll_move_before), (106 bytes).
    Removing lv_lru.o(i.lv_lru_cmp_keys), (30 bytes).
    Removing lv_lru.o(i.lv_lru_create), (136 bytes).
    Removing lv_lru.o(i.lv_lru_del), (120 bytes).
    Removing lv_lru.o(i.lv_lru_get), (102 bytes).
    Removing lv_lru.o(i.lv_lru_hash), (104 bytes).
    Removing lv_lru.o(i.lv_lru_pop_or_create_item), (46 bytes).
    Removing lv_lru.o(i.lv_lru_remove), (90 bytes).
    Removing lv_lru.o(i.lv_lru_remove_item), (66 bytes).
    Removing lv_lru.o(i.lv_lru_remove_lru_item), (118 bytes).
    Removing lv_lru.o(i.lv_lru_set), (226 bytes).
    Removing lv_math.o(i.lv_rand), (48 bytes).
    Removing lv_math.o(i.lv_sqrt), (40 bytes).
    Removing lv_math.o(.data), (4 bytes).
    Removing lv_mem.o(i.lv_mem_deinit), (20 bytes).
    Removing lv_mem.o(i.lv_mem_monitor), (108 bytes).
    Removing lv_mem.o(i.lv_mem_test), (80 bytes).
    Removing lv_mem.o(i.lv_mem_walker), (38 bytes).
    Removing lv_style.o(i.lv_style_get_num_custom_props), (16 bytes).
    Removing lv_style.o(i.lv_style_register_prop), (176 bytes).
    Removing lv_style.o(i.lv_style_set_prop_meta), (36 bytes).
    Removing lv_style.o(i.lv_style_set_prop_meta_helper), (4 bytes).
    Removing lv_style_gen.o(i.lv_style_set_align), (20 bytes).
    Removing lv_style_gen.o(i.lv_style_set_anim), (20 bytes).
    Removing lv_style_gen.o(i.lv_style_set_anim_speed), (20 bytes).
    Removing lv_style_gen.o(i.lv_style_set_arc_img_src), (20 bytes).
    Removing lv_style_gen.o(i.lv_style_set_arc_opa), (20 bytes).
    Removing lv_style_gen.o(i.lv_style_set_base_dir), (20 bytes).
    Removing lv_style_gen.o(i.lv_style_set_bg_dither_mode), (20 bytes).
    Removing lv_style_gen.o(i.lv_style_set_bg_grad), (20 bytes).
    Removing lv_style_gen.o(i.lv_style_set_bg_grad_dir), (20 bytes).
    Removing lv_style_gen.o(i.lv_style_set_bg_grad_stop), (20 bytes).
    Removing lv_style_gen.o(i.lv_style_set_bg_img_opa), (20 bytes).
    Removing lv_style_gen.o(i.lv_style_set_bg_img_recolor), (26 bytes).
    Removing lv_style_gen.o(i.lv_style_set_bg_img_recolor_opa), (20 bytes).
    Removing lv_style_gen.o(i.lv_style_set_bg_img_tiled), (20 bytes).
    Removing lv_style_gen.o(i.lv_style_set_bg_main_stop), (20 bytes).
    Removing lv_style_gen.o(i.lv_style_set_blend_mode), (20 bytes).
    Removing lv_style_gen.o(i.lv_style_set_img_opa), (20 bytes).
    Removing lv_style_gen.o(i.lv_style_set_img_recolor), (26 bytes).
    Removing lv_style_gen.o(i.lv_style_set_img_recolor_opa), (20 bytes).
    Removing lv_style_gen.o(i.lv_style_set_layout), (20 bytes).
    Removing lv_style_gen.o(i.lv_style_set_line_dash_gap), (20 bytes).
    Removing lv_style_gen.o(i.lv_style_set_line_dash_width), (20 bytes).
    Removing lv_style_gen.o(i.lv_style_set_line_opa), (20 bytes).
    Removing lv_style_gen.o(i.lv_style_set_line_rounded), (20 bytes).
    Removing lv_style_gen.o(i.lv_style_set_min_height), (20 bytes).
    Removing lv_style_gen.o(i.lv_style_set_min_width), (20 bytes).
    Removing lv_style_gen.o(i.lv_style_set_opa), (20 bytes).
    Removing lv_style_gen.o(i.lv_style_set_opa_layered), (20 bytes).
    Removing lv_style_gen.o(i.lv_style_set_shadow_ofs_x), (20 bytes).
    Removing lv_style_gen.o(i.lv_style_set_text_decor), (20 bytes).
    Removing lv_style_gen.o(i.lv_style_set_text_letter_space), (20 bytes).
    Removing lv_style_gen.o(i.lv_style_set_text_opa), (20 bytes).
    Removing lv_style_gen.o(i.lv_style_set_transform_angle), (20 bytes).
    Removing lv_style_gen.o(i.lv_style_set_transform_pivot_x), (20 bytes).
    Removing lv_style_gen.o(i.lv_style_set_transform_pivot_y), (20 bytes).
    Removing lv_style_gen.o(i.lv_style_set_transform_zoom), (20 bytes).
    Removing lv_style_gen.o(i.lv_style_set_translate_x), (20 bytes).
    Removing lv_style_gen.o(i.lv_style_set_translate_y), (20 bytes).
    Removing lv_style_gen.o(i.lv_style_set_x), (20 bytes).
    Removing lv_style_gen.o(i.lv_style_set_y), (20 bytes).
    Removing lv_timer.o(i.lv_timer_create_basic), (16 bytes).
    Removing lv_timer.o(i.lv_timer_get_idle), (12 bytes).
    Removing lv_timer.o(i.lv_timer_get_next), (28 bytes).
    Removing lv_timer.o(i.lv_timer_reset), (12 bytes).
    Removing lv_timer.o(i.lv_timer_set_cb), (4 bytes).
    Removing lv_timer.o(i.lv_timer_set_period), (4 bytes).
    Removing lv_timer.o(i.lv_timer_set_repeat_count), (4 bytes).
    Removing lv_tlsf.o(i.block_trim_free_leading), (58 bytes).
    Removing lv_tlsf.o(i.default_walker), (6 bytes).
    Removing lv_tlsf.o(i.integrity_walker), (124 bytes).
    Removing lv_tlsf.o(i.lv_tlsf_align_size), (4 bytes).
    Removing lv_tlsf.o(i.lv_tlsf_alloc_overhead), (4 bytes).
    Removing lv_tlsf.o(i.lv_tlsf_block_size), (30 bytes).
    Removing lv_tlsf.o(i.lv_tlsf_block_size_max), (6 bytes).
    Removing lv_tlsf.o(i.lv_tlsf_block_size_min), (4 bytes).
    Removing lv_tlsf.o(i.lv_tlsf_check), (440 bytes).
    Removing lv_tlsf.o(i.lv_tlsf_check_pool), (28 bytes).
    Removing lv_tlsf.o(i.lv_tlsf_destroy), (2 bytes).
    Removing lv_tlsf.o(i.lv_tlsf_get_pool), (12 bytes).
    Removing lv_tlsf.o(i.lv_tlsf_memalign), (190 bytes).
    Removing lv_tlsf.o(i.lv_tlsf_remove_pool), (132 bytes).
    Removing lv_tlsf.o(i.lv_tlsf_walk_pool), (104 bytes).
    Removing lv_arc.o(i.lv_arc_align_obj_to_angle), (152 bytes).
    Removing lv_arc.o(i.lv_arc_create), (32 bytes).
    Removing lv_arc.o(i.lv_arc_get_angle_end), (10 bytes).
    Removing lv_arc.o(i.lv_arc_get_angle_start), (10 bytes).
    Removing lv_arc.o(i.lv_arc_get_bg_angle_end), (10 bytes).
    Removing lv_arc.o(i.lv_arc_get_bg_angle_start), (10 bytes).
    Removing lv_arc.o(i.lv_arc_get_max_value), (12 bytes).
    Removing lv_arc.o(i.lv_arc_get_min_value), (12 bytes).
    Removing lv_arc.o(i.lv_arc_get_mode), (16 bytes).
    Removing lv_arc.o(i.lv_arc_rotate_obj_to_angle), (200 bytes).
    Removing lv_arc.o(i.lv_arc_set_change_rate), (10 bytes).
    Removing lv_arc.o(i.lv_arc_set_mode), (140 bytes).
    Removing lv_arc.o(i.lv_arc_set_range), (70 bytes).
    Removing lv_bar.o(i.lv_bar_create), (32 bytes).
    Removing lv_bar.o(i.lv_bar_get_max_value), (12 bytes).
    Removing lv_bar.o(i.lv_bar_get_min_value), (12 bytes).
    Removing lv_bar.o(i.lv_bar_set_mode), (40 bytes).
    Removing lv_bar.o(i.lv_bar_set_range), (94 bytes).
    Removing lv_btnmatrix.o(i.lv_btnmatrix_get_map), (12 bytes).
    Removing lv_btnmatrix.o(i.lv_btnmatrix_get_one_checked), (18 bytes).
    Removing lv_btnmatrix.o(i.lv_btnmatrix_set_btn_width), (72 bytes).
    Removing lv_canvas.o(i.deinit_fake_disp), (26 bytes).
    Removing lv_canvas.o(i.init_fake_disp), (152 bytes).
    Removing lv_canvas.o(i.lv_area_copy), (18 bytes).
    Removing lv_canvas.o(i.lv_canvas_blur_hor), (892 bytes).
    Removing lv_canvas.o(i.lv_canvas_blur_ver), (852 bytes).
    Removing lv_canvas.o(i.lv_canvas_constructor), (60 bytes).
    Removing lv_canvas.o(i.lv_canvas_copy_buf), (166 bytes).
    Removing lv_canvas.o(i.lv_canvas_create), (32 bytes).
    Removing lv_canvas.o(i.lv_canvas_destructor), (18 bytes).
    Removing lv_canvas.o(i.lv_canvas_draw_arc), (144 bytes).
    Removing lv_canvas.o(i.lv_canvas_draw_img), (178 bytes).
    Removing lv_canvas.o(i.lv_canvas_draw_line), (178 bytes).
    Removing lv_canvas.o(i.lv_canvas_draw_polygon), (158 bytes).
    Removing lv_canvas.o(i.lv_canvas_draw_rect), (196 bytes).
    Removing lv_canvas.o(i.lv_canvas_draw_text), (158 bytes).
    Removing lv_canvas.o(i.lv_canvas_fill_bg), (188 bytes).
    Removing lv_canvas.o(i.lv_canvas_get_img), (14 bytes).
    Removing lv_canvas.o(i.lv_canvas_get_px), (52 bytes).
    Removing lv_canvas.o(i.lv_canvas_set_buffer), (86 bytes).
    Removing lv_canvas.o(i.lv_canvas_set_palette), (32 bytes).
    Removing lv_canvas.o(i.lv_canvas_set_px_color), (40 bytes).
    Removing lv_canvas.o(i.lv_canvas_set_px_opa), (42 bytes).
    Removing lv_canvas.o(i.lv_canvas_transform), (318 bytes).
    Removing lv_canvas.o(i.lv_color_hex), (34 bytes).
    Removing lv_canvas.o(i.lv_obj_get_style_img_recolor), (22 bytes).
    Removing lv_canvas.o(.constdata), (28 bytes).
    Removing lv_checkbox.o(i.lv_checkbox_create), (32 bytes).
    Removing lv_checkbox.o(i.lv_checkbox_get_text), (8 bytes).
    Removing lv_checkbox.o(i.lv_checkbox_set_text), (84 bytes).
    Removing lv_checkbox.o(i.lv_checkbox_set_text_static), (44 bytes).
    Removing lv_dropdown.o(i.lv_dropdown_add_option), (380 bytes).
    Removing lv_dropdown.o(i.lv_dropdown_clear_options), (72 bytes).
    Removing lv_dropdown.o(i.lv_dropdown_get_dir), (18 bytes).
    Removing lv_dropdown.o(i.lv_dropdown_get_list), (12 bytes).
    Removing lv_dropdown.o(i.lv_dropdown_get_option_cnt), (12 bytes).
    Removing lv_dropdown.o(i.lv_dropdown_get_option_index), (106 bytes).
    Removing lv_dropdown.o(i.lv_dropdown_get_selected_highlight), (18 bytes).
    Removing lv_dropdown.o(i.lv_dropdown_get_symbol), (12 bytes).
    Removing lv_dropdown.o(i.lv_dropdown_get_text), (12 bytes).
    Removing lv_dropdown.o(i.lv_dropdown_set_dir), (48 bytes).
    Removing lv_dropdown.o(i.lv_dropdown_set_selected_highlight), (36 bytes).
    Removing lv_dropdown.o(i.lv_dropdown_set_symbol), (22 bytes).
    Removing lv_dropdown.o(i.lv_dropdown_set_text), (32 bytes).
    Removing lv_img.o(i.lv_img_get_angle), (12 bytes).
    Removing lv_img.o(i.lv_img_get_antialias), (16 bytes).
    Removing lv_img.o(i.lv_img_get_offset_x), (14 bytes).
    Removing lv_img.o(i.lv_img_get_offset_y), (14 bytes).
    Removing lv_img.o(i.lv_img_get_pivot), (14 bytes).
    Removing lv_img.o(i.lv_img_get_size_mode), (18 bytes).
    Removing lv_img.o(i.lv_img_get_src), (12 bytes).
    Removing lv_img.o(i.lv_img_get_zoom), (12 bytes).
    Removing lv_img.o(i.lv_img_set_angle), (280 bytes).
    Removing lv_img.o(i.lv_img_set_antialias), (42 bytes).
    Removing lv_img.o(i.lv_img_set_offset_x), (22 bytes).
    Removing lv_img.o(i.lv_img_set_offset_y), (22 bytes).
    Removing lv_img.o(i.lv_img_set_pivot), (268 bytes).
    Removing lv_img.o(i.lv_img_set_size_mode), (40 bytes).
    Removing lv_img.o(i.lv_img_set_zoom), (276 bytes).
    Removing lv_label.o(i.lv_label_cut_text), (64 bytes).
    Removing lv_label.o(i.lv_label_get_long_mode), (18 bytes).
    Removing lv_label.o(i.lv_label_set_recolor), (48 bytes).
    Removing lv_line.o(i.lv_line_create), (32 bytes).
    Removing lv_line.o(i.lv_line_get_y_invert), (18 bytes).
    Removing lv_line.o(i.lv_line_set_points), (36 bytes).
    Removing lv_line.o(i.lv_line_set_y_invert), (40 bytes).
    Removing lv_roller.o(i.lv_roller_create), (32 bytes).
    Removing lv_roller.o(i.lv_roller_get_option_cnt), (34 bytes).
    Removing lv_roller.o(i.lv_roller_get_options), (22 bytes).
    Removing lv_roller.o(i.lv_roller_get_selected), (48 bytes).
    Removing lv_roller.o(i.lv_roller_get_selected_str), (136 bytes).
    Removing lv_roller.o(i.lv_roller_set_visible_row_count), (74 bytes).
    Removing lv_slider.o(i.lv_slider_create), (32 bytes).
    Removing lv_slider.o(i.lv_slider_is_dragged), (18 bytes).
    Removing lv_switch.o(i.lv_switch_create), (32 bytes).
    Removing lv_table.o(i.copy_cell_txt), (18 bytes).
    Removing lv_table.o(i.get_cell_txt_len), (20 bytes).
    Removing lv_table.o(i.lv_table_add_cell_ctrl), (162 bytes).
    Removing lv_table.o(i.lv_table_clear_cell_ctrl), (162 bytes).
    Removing lv_table.o(i.lv_table_create), (32 bytes).
    Removing lv_table.o(i.lv_table_get_cell_user_data), (70 bytes).
    Removing lv_table.o(i.lv_table_get_cell_value), (76 bytes).
    Removing lv_table.o(i.lv_table_get_col_cnt), (12 bytes).
    Removing lv_table.o(i.lv_table_get_col_width), (30 bytes).
    Removing lv_table.o(i.lv_table_get_row_cnt), (12 bytes).
    Removing lv_table.o(i.lv_table_get_selected_cell), (14 bytes).
    Removing lv_table.o(i.lv_table_has_cell_ctrl), (86 bytes).
    Removing lv_table.o(i.lv_table_set_cell_user_data), (174 bytes).
    Removing lv_table.o(i.lv_table_set_cell_value), (222 bytes).
    Removing lv_table.o(i.lv_table_set_cell_value_fmt), (276 bytes).
    Removing lv_table.o(i.lv_table_set_col_cnt), (314 bytes).
    Removing lv_table.o(i.lv_table_set_col_width), (50 bytes).
    Removing lv_table.o(i.lv_table_set_row_cnt), (222 bytes).
    Removing lv_table.o(i.refr_cell_size), (262 bytes).
    Removing lv_textarea.o(i.lv_textarea_create), (32 bytes).
    Removing lv_textarea.o(i.lv_textarea_get_cursor_click_pos), (18 bytes).
    Removing lv_textarea.o(i.lv_textarea_get_label), (12 bytes).
    Removing lv_textarea.o(i.lv_textarea_get_password_mode), (18 bytes).
    Removing lv_textarea.o(i.lv_textarea_get_password_show_time), (12 bytes).
    Removing lv_textarea.o(i.lv_textarea_get_placeholder_text), (24 bytes).
    Removing lv_textarea.o(i.lv_textarea_get_text_selection), (18 bytes).
    Removing lv_textarea.o(i.lv_textarea_set_accepted_chars), (10 bytes).
    Removing lv_textarea.o(i.lv_textarea_set_align), (98 bytes).
    Removing lv_textarea.o(i.lv_textarea_set_insert_replace), (16 bytes).
    Removing lv_textarea.o(i.lv_textarea_set_max_length), (10 bytes).
    Removing lv_textarea.o(i.lv_textarea_set_password_bullet), (118 bytes).
    Removing lv_textarea.o(i.lv_textarea_set_password_mode), (146 bytes).
    Removing lv_textarea.o(i.lv_textarea_set_password_show_time), (10 bytes).
    Removing lv_textarea.o(i.lv_textarea_set_placeholder_text), (116 bytes).
    Removing lv_textarea.o(i.lv_textarea_set_text_selection), (34 bytes).
    Removing lv_textarea.o(i.lv_textarea_text_is_selected), (46 bytes).
    Removing lv_port_disp_template.o(.rev16_text), (4 bytes).
    Removing lv_port_disp_template.o(.revsh_text), (4 bytes).
    Removing lv_port_disp_template.o(.rrx_text), (6 bytes).
    Removing lv_port_indev_template.o(.rev16_text), (4 bytes).
    Removing lv_port_indev_template.o(.revsh_text), (4 bytes).
    Removing lv_port_indev_template.o(.rrx_text), (6 bytes).

1369 unused section(s) (total 119938 bytes) removed from the image.
